Component: ARM Compiler 5.05 update 1 (build 106) Tool: armlink [4d0efa]

==============================================================================

Section Cross References

    main.o(i.CAMERA_task) refers to lcd.o(i.LCD_ShowString) for LCD_ShowString
    main.o(i.CAMERA_task) refers to ov7725.o(i.OV7725_Init) for OV7725_Init
    main.o(i.CAMERA_task) refers to delay.o(i.delay_ms) for delay_ms
    main.o(i.CAMERA_task) refers to lcd.o(i.LCD_Fill) for LCD_Fill
    main.o(i.CAMERA_task) refers to ov7725.o(i.OV7725_Light_Mode) for OV7725_Light_Mode
    main.o(i.CAMERA_task) refers to ov7725.o(i.OV7725_Color_Saturation) for OV7725_Color_Saturation
    main.o(i.CAMERA_task) refers to ov7725.o(i.OV7725_Brightness) for OV7725_Brightness
    main.o(i.CAMERA_task) refers to ov7725.o(i.OV7725_Contrast) for OV7725_Contrast
    main.o(i.CAMERA_task) refers to ov7725.o(i.OV7725_Special_Effects) for OV7725_Special_Effects
    main.o(i.CAMERA_task) refers to timer.o(i.TIM6_Int_Init) for TIM6_Int_Init
    main.o(i.CAMERA_task) refers to exti.o(i.EXTI8_Init) for EXTI8_Init
    main.o(i.CAMERA_task) refers to lcd.o(i.LCD_Clear) for LCD_Clear
    main.o(i.CAMERA_task) refers to key.o(i.KEY_Scan) for KEY_Scan
    main.o(i.CAMERA_task) refers to main.o(i.LCD_back) for LCD_back
    main.o(i.CAMERA_task) refers to tasks.o(i.vTaskResume) for vTaskResume
    main.o(i.CAMERA_task) refers to tasks.o(i.vTaskDelete) for vTaskDelete
    main.o(i.CAMERA_task) refers to main.o(i.OV7725_camera_refresh) for OV7725_camera_refresh
    main.o(i.CAMERA_task) refers to main.o(.data) for .data
    main.o(i.CAMERA_task) refers to lcd.o(.bss) for lcddev
    main.o(i.DHT11_task) refers to delay.o(i.delay_ms) for delay_ms
    main.o(i.DHT11_task) refers to main.o(i.LCD_back) for LCD_back
    main.o(i.DHT11_task) refers to lcd.o(i.LCD_ShowString) for LCD_ShowString
    main.o(i.DHT11_task) refers to lcd.o(i.LCD_Fill) for LCD_Fill
    main.o(i.DHT11_task) refers to dht11.o(i.DHT11_Init) for DHT11_Init
    main.o(i.DHT11_task) refers to dht11.o(i.DHT11_Read_Data) for DHT11_Read_Data
    main.o(i.DHT11_task) refers to lcd.o(i.LCD_ShowNum) for LCD_ShowNum
    main.o(i.Hander_Init) refers to delay.o(i.delay_init) for delay_init
    main.o(i.Hander_Init) refers to usart.o(i.uart_init) for uart_init
    main.o(i.Hander_Init) refers to key.o(i.KEY_Init) for KEY_Init
    main.o(i.Hander_Init) refers to led.o(i.LED_Init) for LED_Init
    main.o(i.Hander_Init) refers to lcd.o(i.LCD_Init) for LCD_Init
    main.o(i.Hander_Init) refers to light.o(i.Lsens_Init) for Lsens_Init
    main.o(i.Hander_Init) refers to timer.o(i.TIM3_PWM_Init) for TIM3_PWM_Init
    main.o(i.LCD_back) refers to lcd.o(i.LCD_Clear) for LCD_Clear
    main.o(i.LCD_back) refers to lcd.o(i.LCD_ShowString) for LCD_ShowString
    main.o(i.LCD_back) refers to lcd.o(.data) for BACK_COLOR
    main.o(i.LSENSOR_task) refers to lcd.o(i.LCD_ShowString) for LCD_ShowString
    main.o(i.LSENSOR_task) refers to light.o(i.Lsens_Get_Val) for Lsens_Get_Val
    main.o(i.LSENSOR_task) refers to lcd.o(i.LCD_ShowxNum) for LCD_ShowxNum
    main.o(i.LSENSOR_task) refers to delay.o(i.delay_ms) for delay_ms
    main.o(i.LSENSOR_task) refers to stm32f10x_tim.o(i.TIM_SetCompare2) for TIM_SetCompare2
    main.o(i.LSENSOR_task) refers to lcd.o(.data) for POINT_COLOR
    main.o(i.OV7725_camera_refresh) refers to lcd.o(i.LCD_Scan_Dir) for LCD_Scan_Dir
    main.o(i.OV7725_camera_refresh) refers to lcd.o(i.LCD_Set_Window) for LCD_Set_Window
    main.o(i.OV7725_camera_refresh) refers to lcd.o(i.LCD_WriteRAM_Prepare) for LCD_WriteRAM_Prepare
    main.o(i.OV7725_camera_refresh) refers to exti.o(.data) for ov_sta
    main.o(i.OV7725_camera_refresh) refers to lcd.o(.bss) for lcddev
    main.o(i.OV7725_camera_refresh) refers to timer.o(.data) for ov_frame
    main.o(i.key_task) refers to key.o(i.KEY_Scan) for KEY_Scan
    main.o(i.key_task) refers to tasks.o(i.xTaskCreate) for xTaskCreate
    main.o(i.key_task) refers to noretval__2printf.o(.text) for __2printf
    main.o(i.key_task) refers to tasks.o(i.vTaskDelay) for vTaskDelay
    main.o(i.key_task) refers to main.o(.data) for .data
    main.o(i.key_task) refers to main.o(i.CAMERA_task) for CAMERA_task
    main.o(i.main) refers to misc.o(i.NVIC_PriorityGroupConfig) for NVIC_PriorityGroupConfig
    main.o(i.main) refers to main.o(i.Hander_Init) for Hander_Init
    main.o(i.main) refers to tasks.o(i.xTaskCreate) for xTaskCreate
    main.o(i.main) refers to tasks.o(i.vTaskStartScheduler) for vTaskStartScheduler
    main.o(i.main) refers to main.o(.data) for .data
    main.o(i.main) refers to main.o(i.start_task) for start_task
    main.o(i.start_task) refers to tasks.o(i.xTaskCreate) for xTaskCreate
    main.o(i.start_task) refers to tasks.o(i.vTaskDelete) for vTaskDelete
    main.o(i.start_task) refers to main.o(.data) for .data
    main.o(i.start_task) refers to main.o(i.key_task) for key_task
    main.o(i.start_task) refers to main.o(i.DHT11_task) for DHT11_task
[...]
    i.prvCheckForValidListAndQueue           0x08005de4   Section        0  timers.o(i.prvCheckForValidListAndQueue)
    prvCheckForValidListAndQueue             0x08005de5   Thumb Code    62  timers.o(i.prvCheckForValidListAndQueue)
    i.prvCheckTasksWaitingTermination        0x08005e34   Section        0  tasks.o(i.prvCheckTasksWaitingTermination)
    prvCheckTasksWaitingTermination          0x08005e35   Thumb Code    74  tasks.o(i.prvCheckTasksWaitingTermination)
    i.prvCopyDataFromQueue                   0x08005e88   Section        0  queue.o(i.prvCopyDataFromQueue)
    prvCopyDataFromQueue                     0x08005e89   Thumb Code    38  queue.o(i.prvCopyDataFromQueue)
    i.prvCopyDataToQueue                     0x08005eae   Section        0  queue.o(i.prvCopyDataToQueue)
    prvCopyDataToQueue                       0x08005eaf   Thumb Code   108  queue.o(i.prvCopyDataToQueue)
    i.prvDeleteTCB                           0x08005f1a   Section        0  tasks.o(i.prvDeleteTCB)
    prvDeleteTCB                             0x08005f1b   Thumb Code    20  tasks.o(i.prvDeleteTCB)
    i.prvHeapInit                            0x08005f30   Section        0  heap_4.o(i.prvHeapInit)
    prvHeapInit                              0x08005f31   Thumb Code    66  heap_4.o(i.prvHeapInit)
    i.prvIdleTask                            0x08005f7c   Section        0  tasks.o(i.prvIdleTask)
    prvIdleTask                              0x08005f7d   Thumb Code    30  tasks.o(i.prvIdleTask)
    i.prvInitialiseNewTask                   0x08005fa4   Section        0  tasks.o(i.prvInitialiseNewTask)
    prvInitialiseNewTask                     0x08005fa5   Thumb Code   154  tasks.o(i.prvInitialiseNewTask)
    i.prvInsertBlockIntoFreeList             0x08006064   Section        0  heap_4.o(i.prvInsertBlockIntoFreeList)
    prvInsertBlockIntoFreeList               0x08006065   Thumb Code    72  heap_4.o(i.prvInsertBlockIntoFreeList)
    i.prvInsertTimerInActiveList             0x080060b0   Section        0  timers.o(i.prvInsertTimerInActiveList)
    prvInsertTimerInActiveList               0x080060b1   Thumb Code    52  timers.o(i.prvInsertTimerInActiveList)
    i.prvIsQueueEmpty                        0x080060e8   Section        0  queue.o(i.prvIsQueueEmpty)
    prvIsQueueEmpty                          0x080060e9   Thumb Code    26  queue.o(i.prvIsQueueEmpty)
    i.prvNotifyQueueSetContainer             0x08006104   Section        0  queue.o(i.prvNotifyQueueSetContainer)
    prvNotifyQueueSetContainer               0x08006105   Thumb Code   108  queue.o(i.prvNotifyQueueSetContainer)
    i.prvProcessExpiredTimer                 0x08006194   Section        0  timers.o(i.prvProcessExpiredTimer)
    prvProcessExpiredTimer                   0x08006195   Thumb Code    86  timers.o(i.prvProcessExpiredTimer)
    i.prvProcessReceivedCommands             0x080061f4   Section        0  timers.o(i.prvProcessReceivedCommands)
    prvProcessReceivedCommands               0x080061f5   Thumb Code   196  timers.o(i.prvProcessReceivedCommands)
    i.prvProcessTimerOrBlockTask             0x080062e4   Section        0  timers.o(i.prvProcessTimerOrBlockTask)
    prvProcessTimerOrBlockTask               0x080062e5   Thumb Code    98  timers.o(i.prvProcessTimerOrBlockTask)
    i.prvResetNextTaskUnblockTime            0x08006350   Section        0  tasks.o(i.prvResetNextTaskUnblockTime)
    prvResetNextTaskUnblockTime              0x08006351   Thumb Code    26  tasks.o(i.prvResetNextTaskUnblockTime)
    i.prvSampleTimeNow                       0x08006370   Section        0  timers.o(i.prvSampleTimeNow)
    prvSampleTimeNow                         0x08006371   Thumb Code    36  timers.o(i.prvSampleTimeNow)
    i.prvSwitchTimerLists                    0x08006398   Section        0  timers.o(i.prvSwitchTimerLists)
    prvSwitchTimerLists                      0x08006399   Thumb Code   100  timers.o(i.prvSwitchTimerLists)
    i.prvTaskExitError                       0x08006404   Section        0  port.o(i.prvTaskExitError)
    prvTaskExitError                         0x08006405   Thumb Code    34  port.o(i.prvTaskExitError)
    i.prvTaskIsTaskSuspended                 0x08006468   Section        0  tasks.o(i.prvTaskIsTaskSuspended)
    prvTaskIsTaskSuspended                   0x08006469   Thumb Code    44  tasks.o(i.prvTaskIsTaskSuspended)
    i.prvTimerTask                           0x080064bc   Section        0  timers.o(i.prvTimerTask)
    prvTimerTask                             0x080064bd   Thumb Code    34  timers.o(i.prvTimerTask)
    i.prvUnlockQueue                         0x080064e4   Section        0  queue.o(i.prvUnlockQueue)
    prvUnlockQueue                           0x080064e5   Thumb Code   120  queue.o(i.prvUnlockQueue)
    i.pvPortMalloc                           0x0800655c   Section        0  heap_4.o(i.pvPortMalloc)
    i.pvTaskIncrementMutexHeldCount          0x08006670   Section        0  tasks.o(i.pvTaskIncrementMutexHeldCount)
    i.pxPortInitialiseStack                  0x08006688   Section        0  port.o(i.pxPortInitialiseStack)
    i.start_task                             0x080066ac   Section        0  main.o(i.start_task)
    i.uart_init                              0x08006734   Section        0  usart.o(i.uart_init)
    i.uxListRemove                           0x080067d4   Section        0  list.o(i.uxListRemove)
    i.vListInitialise                        0x080067f8   Section        0  list.o(i.vListInitialise)
    i.vListInitialiseItem                    0x0800680e   Section        0  list.o(i.vListInitialiseItem)
    i.vListInsert                            0x08006814   Section        0  list.o(i.vListInsert)
    i.vListInsertEnd                         0x08006844   Section        0  list.o(i.vListInsertEnd)
    i.vPortEnterCritical                     0x0800685c   Section        0  port.o(i.vPortEnterCritical)
    i.vPortExitCritical                      0x080068d4   Section        0  port.o(i.vPortExitCritical)
    i.vPortFree                              0x08006938   Section        0  heap_4.o(i.vPortFree)
    i.vPortSetupTimerInterrupt               0x080069d4   Section        0  port.o(i.vPortSetupTimerInterrupt)
    i.vPortValidateInterruptPriority         0x080069f4   Section        0  port.o(i.vPortValidateInterruptPriority)
    i.vQueueAddToRegistry                    0x08006a80   Section        0  queue.o(i.vQueueAddToRegistry)
    i.vQueueWaitForMessageRestricted         0x08006aa4   Section        0  queue.o(i.vQueueWaitForMessageRestricted)
    i.vTaskDelay                             0x08006ae8   Section        0  tasks.o(i.vTaskDelay)
    i.vTaskDelete                            0x08006b54   Section        0  tasks.o(i.vTaskDelete)
    i.vTaskMissedYield                       0x08006c20   Section        0  tasks.o(i.vTaskMissedYield)
    i.vTaskPlaceOnEventList                  0x08006c2c   Section        0  tasks.o(i.vTaskPlaceOnEventList)
    i.vTaskPlaceOnEventListRestricted        0x08006c80   Section        0  tasks.o(i.vTaskPlaceOnEventListRestricted)
    i.vTaskPriorityInherit                   0x08006cdc   Section        0  tasks.o(i.vTaskPriorityInherit)
    i.vTaskResume                            0x08006d60   Section        0  tasks.o(i.vTaskResume)
    i.vTaskSetTimeOutState                   0x08006e00   Section        0  tasks.o(i.vTaskSetTimeOutState)
    i.vTaskStartScheduler                    0x08006e48   Section        0  tasks.o(i.vTaskStartScheduler)
    i.vTaskSuspendAll                        0x08006edc   Section        0  tasks.o(i.vTaskSuspendAll)
    i.vTaskSwitchContext                     0x08006eec   Section        0  tasks.o(i.vTaskSwitchContext)
    i.xPortStartScheduler                    0x08006f68   Section        0  port.o(i.xPortStartScheduler)
    i.xPortSysTickHandler                    0x08006fe0   Section        0  port.o(i.xPortSysTickHandler)
    i.xQueueGenericCreate                    0x0800700c   Section        0  queue.o(i.xQueueGenericCreate)
    i.xQueueGenericReceive                   0x08007084   Section        0  queue.o(i.xQueueGenericReceive)
    i.xQueueGenericReset                     0x08007208   Section        0  queue.o(i.xQueueGenericReset)
    i.xQueueGenericSend                      0x080072b0   Section        0  queue.o(i.xQueueGenericSend)
    i.xQueueGenericSendFromISR               0x08007438   Section        0  queue.o(i.xQueueGenericSendFromISR)
    i.xTaskCheckForTimeOut                   0x08007518   Section        0  tasks.o(i.xTaskCheckForTimeOut)
    i.xTaskCreate                            0x080075a0   Section        0  tasks.o(i.xTaskCreate)
    i.xTaskGetSchedulerState                 0x080075f8   Section        0  tasks.o(i.xTaskGetSchedulerState)
    i.xTaskGetTickCount                      0x08007614   Section        0  tasks.o(i.xTaskGetTickCount)
    i.xTaskIncrementTick                     0x08007620   Section        0  tasks.o(i.xTaskIncrementTick)
    i.xTaskPriorityDisinherit                0x08007708   Section        0  tasks.o(i.xTaskPriorityDisinherit)
    i.xTaskRemoveFromEventList               0x080077bc   Section        0  tasks.o(i.xTaskRemoveFromEventList)
    i.xTaskResumeAll                         0x08007854   Section        0  tasks.o(i.xTaskResumeAll)
    i.xTimerCreate                           0x08007938   Section        0  timers.o(i.xTimerCreate)
    i.xTimerCreateTimerTask                  0x080079ac   Section        0  timers.o(i.xTimerCreateTimerTask)
    i.xTimerGenericCommand                   0x08007a20   Section        0  timers.o(i.xTimerGenericCommand)
    x$fpl$dfixu                              0x08007ab0   Section       90  dfixu.o(x$fpl$dfixu)
    x$fpl$dfltu                              0x08007b0a   Section       38  dflt_clz.o(x$fpl$dfltu)
    x$fpl$dmul                               0x08007b30   Section      340  dmul.o(x$fpl$dmul)
    x$fpl$dnaninf                            0x08007c84   Section      156  dnaninf.o(x$fpl$dnaninf)
    x$fpl$dretinf                            0x08007d20   Section       12  dretinf.o(x$fpl$dretinf)
    .constdata                               0x08007d2c   Section     6080  lcd.o(.constdata)
    x$fpl$usenofp                            0x08007d2c   Section        0  usenofp.o(x$fpl$usenofp)
    .constdata                               0x080094ec   Section      130  ov7725.o(.constdata)
    .constdata                               0x0800956e   Section       40  _printf_hex_int.o(.constdata)
    uc_hextab                                0x0800956e   Data          20  _printf_hex_int.o(.constdata)
    lc_hextab                                0x08009582   Data          20  _printf_hex_int.o(.constdata)
    .data                                    0x20000000   Section       20  main.o(.data)
    .data                                    0x20000014   Section       20  system_stm32f10x.o(.data)
    .data                                    0x20000028   Section        1  key.o(.data)
    key_up                                   0x20000028   Data           1  key.o(.data)
    .data                                    0x2000002a   Section        4  lcd.o(.data)
    .data                                    0x2000002e   Section        4  timer.o(.data)
    .data                                    0x20000032   Section        1  exti.o(.data)
    .data                                    0x20000034   Section        4  delay.o(.data)
    fac_us                                   0x20000034   Data           1  delay.o(.data)
    fac_ms                                   0x20000036   Data           2  delay.o(.data)
    .data                                    0x20000038   Section        2  usart.o(.data)
    .data                                    0x2000003c   Section        4  usart.o(.data)
    .data                                    0x20000040   Section       20  stm32f10x_rcc.o(.data)
    ADCPrescTable                            0x20000040   Data           4  stm32f10x_rcc.o(.data)
    APBAHBPrescTable                         0x20000044   Data          16  stm32f10x_rcc.o(.data)
    .data                                    0x20000054   Section       60  tasks.o(.data)
    uxDeletedTasksWaitingCleanUp             0x20000058   Data           4  tasks.o(.data)
    uxCurrentNumberOfTasks                   0x2000005c   Data           4  tasks.o(.data)
    xTickCount                               0x20000060   Data           4  tasks.o(.data)
    uxTopReadyPriority                       0x20000064   Data           4  tasks.o(.data)
    xSchedulerRunning                        0x20000068   Data           4  tasks.o(.data)
    uxPendedTicks                            0x2000006c   Data           4  tasks.o(.data)
    xYieldPending                            0x20000070   Data           4  tasks.o(.data)
    xNumOfOverflows                          0x20000074   Data           4  tasks.o(.data)
    uxTaskNumber                             0x20000078   Data           4  tasks.o(.data)
    xNextTaskUnblockTime                     0x2000007c   Data           4  tasks.o(.data)
    xIdleTaskHandle                          0x20000080   Data           4  tasks.o(.data)
    uxSchedulerSuspended                     0x20000084   Data           4  tasks.o(.data)
    pxDelayedTaskList                        0x20000088   Data           4  tasks.o(.data)
    pxOverflowDelayedTaskList                0x2000008c   Data           4  tasks.o(.data)
    .data                                    0x20000090   Section       20  timers.o(.data)
    xTimerQueue                              0x20000090   Data           4  timers.o(.data)
    xTimerTaskHandle                         0x20000094   Data           4  timers.o(.data)
    xLastTime                                0x20000098   Data           4  timers.o(.data)
    pxCurrentTimerList                       0x2000009c   Data           4  timers.o(.data)
    pxOverflowTimerList                      0x200000a0   Data           4  timers.o(.data)
    .data                                    0x200000a4   Section       24  heap_4.o(.data)
    pxEnd                                    0x200000a4   Data           4  heap_4.o(.data)
    xFreeBytesRemaining                      0x200000a8   Data           4  heap_4.o(.data)
    xMinimumEverFreeBytesRemaining           0x200000ac   Data           4  heap_4.o(.data)
    xBlockAllocatedBit                       0x200000b0   Data           4  heap_4.o(.data)
    xStart                                   0x200000b4   Data           8  heap_4.o(.data)
    .data                                    0x200000bc   Section       12  port.o(.data)
    ucMaxSysCallPriority                     0x200000bc   Data           1  port.o(.data)
    uxCriticalNesting                        0x200000c0   Data           4  port.o(.data)
    ulMaxPRIGROUPValue                       0x200000c4   Data           4  port.o(.data)
    .bss                                     0x200000c8   Section       14  lcd.o(.bss)
    .bss                                     0x200000d6   Section      200  usart.o(.bss)
    .bss                                     0x200001a0   Section       64  queue.o(.bss)
    .bss                                     0x200001e0   Section      740  tasks.o(.bss)
    pxReadyTasksLists                        0x200001e0   Data         640  tasks.o(.bss)
    xDelayedTaskList1                        0x20000460   Data          20  tasks.o(.bss)
    xDelayedTaskList2                        0x20000474   Data          20  tasks.o(.bss)
    xPendingReadyList                        0x20000488   Data          20  tasks.o(.bss)
    xTasksWaitingTermination                 0x2000049c   Data          20  tasks.o(.bss)
    xSuspendedTaskList                       0x200004b0   Data          20  tasks.o(.bss)
    .bss                                     0x200004c4   Section       40  timers.o(.bss)
    xActiveTimerList1                        0x200004c4   Data          20  timers.o(.bss)
    xActiveTimerList2                        0x200004d8   Data          20  timers.o(.bss)
    .bss                                     0x200004ec   Section    20480  heap_4.o(.bss)
    ucHeap                                   0x200004ec   Data       20480  heap_4.o(.bss)
    .bss                                     0x200054ec   Section       96  libspace.o(.bss)
    HEAP                                     0x20005550   Section      512  startup_stm32f10x_hd.o(HEAP)
    Heap_Mem                                 0x20005550   Data         512  startup_stm32f10x_hd.o(HEAP)
    STACK                                    0x20005750   Section     1024  startup_stm32f10x_hd.o(STACK)
    Stack_Mem                                0x20005750   Data        1024  startup_stm32f10x_hd.o(STACK)
    __initial_sp                             0x20005b50   Data           0  startup_stm32f10x_hd.o(STACK)

    Global Symbols

    Symbol Name                              Value     Ov Type        Size  Object(Section)

    BuildAttributes$$THM_ISAv4$P$D$K$B$S$PE$A:L22UL41UL21$X:L11$S22US41US21$IEEE1$IW$USESV6$~STKCKD$USESV7$~SHL$OSPACE$ROPI$EBA8$UX$STANDARDLIB$REQ8$PRES8$EABIv2 0x00000000   Number         0  anon$$obj.o ABSOLUTE
    __ARM_use_no_argv                        0x00000000   Number         0  main.o ABSOLUTE
    __ARM_exceptions_init                     - Undefined Weak Reference
    __alloca_initialize                       - Undefined Weak Reference
    __arm_preinit_                            - Undefined Weak Reference
    __cpp_initialize__aeabi_                  - Undefined Weak Reference
    __cxa_finalize                            - Undefined Weak Reference
    __rt_locale                               - Undefined Weak Reference
    __sigvec_lookup                           - Undefined Weak Reference
    _atexit_init                              - Undefined Weak Reference
    _call_atexit_fns                          - Undefined Weak Reference
    _clock_init                               - Undefined Weak Reference
    _fp_trap_init                             - Undefined Weak Reference
    _fp_trap_shutdown                         - Undefined Weak Reference
    _get_lc_collate                           - Undefined Weak Reference
    _get_lc_ctype                             - Undefined Weak Reference
    _get_lc_monetary                          - Undefined Weak Reference
    _get_lc_numeric                           - Undefined Weak Reference
    _get_lc_time                              - Undefined Weak Reference
    _getenv_init                              - Undefined Weak Reference
    _handle_redirection                       - Undefined Weak Reference
    _init_alloc                               - Undefined Weak Reference
    _init_user_alloc                          - Undefined Weak Reference
    _initio                                   - Undefined Weak Reference
    _mutex_acquire                            - Undefined Weak Reference
    _mutex_release                            - Undefined Weak Reference
    _printf_mbtowc                            - Undefined Weak Reference
    _printf_post_padding                      - Undefined Weak Reference
    _printf_pre_padding                       - Undefined Weak Reference
    _printf_truncate_signed                   - Undefined Weak Reference
    _printf_truncate_unsigned                 - Undefined Weak Reference
    _rand_init                                - Undefined Weak Reference
    _signal_finish                            - Undefined Weak Reference
    _signal_init                              - Undefined Weak Reference
    _terminate_alloc                          - Undefined Weak Reference
    _terminate_user_alloc                     - Undefined Weak Reference
    _terminateio                              - Undefined Weak Reference
    __Vectors_Size                           0x00000130   Number         0  startup_stm32f10x_hd.o ABSOLUTE
    __Vectors                                0x08000000   Data           4  startup_stm32f10x_hd.o(RESET)
    __Vectors_End                            0x08000130   Data           0  startup_stm32f10x_hd.o(RESET)
    __main                                   0x08000131   Thumb Code     8  __main.o(!!!main)
    __scatterload                            0x08000139   Thumb Code     0  __scatter.o(!!!scatter)
    __scatterload_rt2                        0x08000139   Thumb Code    44  __scatter.o(!!!scatter)
    __scatterload_rt2_thumb_only             0x08000139   Thumb Code     0  __scatter.o(!!!scatter)
    __scatterload_null                       0x08000147   Thumb Code     0  __scatter.o(!!!scatter)
    __scatterload_copy                       0x0800016d   Thumb Code    26  __scatter_copy.o(!!handler_copy)
    __scatterload_zeroinit                   0x08000189   Thumb Code    28  __scatter_zi.o(!!handler_zi)
    _printf_d                                0x080001a5   Thumb Code     0  _printf_d.o(.ARM.Collect$$_printf_percent$$00000009)
    _printf_percent                          0x080001a5   Thumb Code     0  _printf_percent.o(.ARM.Collect$$_printf_percent$$00000000)
    _printf_x                                0x080001ab   Thumb Code     0  _printf_x.o(.ARM.Collect$$_printf_percent$$0000000C)
    _printf_s                                0x080001b1   Thumb Code     0  _printf_s.o(.ARM.Collect$$_printf_percent$$00000014)
    _printf_percent_end                      0x080001b7   Thumb Code     0  _printf_percent_end.o(.ARM.Collect$$_printf_percent$$00000017)
    __rt_lib_init                            0x080001bb   Thumb Code     0  libinit.o(.ARM.Collect$$libinit$$00000000)
    __rt_lib_init_alloca_1                   0x080001bd   Thumb Code     0  libinit2.o(.ARM.Collect$$libinit$$0000002E)
    __rt_lib_init_argv_1                     0x080001bd   Thumb Code     0  libinit2.o(.ARM.Collect$$libinit$$0000002C)
    __rt_lib_init_atexit_1                   0x080001bd   Thumb Code     0  libinit2.o(.ARM.Collect$$libinit$$0000001B)
    __rt_lib_init_clock_1                    0x080001bd   Thumb Code     0  libinit2.o(.ARM.Collect$$libinit$$00000021)
    __rt_lib_init_cpp_1                      0x080001bd   Thumb Code     0  libinit2.o(.ARM.Collect$$libinit$$00000032)
    __rt_lib_init_exceptions_1               0x080001bd   Thumb Code     0  libinit2.o(.ARM.Collect$$libinit$$00000030)
    __rt_lib_init_fp_1                       0x080001bd   Thumb Code     0  libinit2.o(.ARM.Collect$$libinit$$00000002)
    __rt_lib_init_fp_trap_1                  0x080001bd   Thumb Code     0  libinit2.o(.ARM.Collect$$libinit$$0000001F)
    __rt_lib_init_getenv_1                   0x080001bd   Thumb Code     0  libinit2.o(.ARM.Collect$$libinit$$00000023)
    __rt_lib_init_heap_1                     0x080001bd   Thumb Code     0  libinit2.o(.ARM.Collect$$libinit$$0000000A)
    __rt_lib_init_lc_collate_1               0x080001bd   Thumb Code     0  libinit2.o(.ARM.Collect$$libinit$$00000011)
    __rt_lib_init_lc_ctype_1                 0x080001bd   Thumb Code     0  libinit2.o(.ARM.Collect$$libinit$$00000013)
    __rt_lib_init_lc_monetary_1              0x080001bd   Thumb Code     0  libinit2.o(.ARM.Collect$$libinit$$00000015)
    __rt_lib_init_lc_numeric_1               0x080001bd   Thumb Code     0  libinit2.o(.ARM.Collect$$libinit$$00000017)
    __rt_lib_init_lc_time_1                  0x080001bd   Thumb Code     0  libinit2.o(.ARM.Collect$$libinit$$00000019)
    __rt_lib_init_preinit_1                  0x080001bd   Thumb Code     0  libinit2.o(.ARM.Collect$$libinit$$00000004)
    __rt_lib_init_rand_1                     0x080001bd   Thumb Code     0  libinit2.o(.ARM.Collect$$libinit$$0000000E)
    __rt_lib_init_return                     0x080001bd   Thumb Code     0  libinit2.o(.ARM.Collect$$libinit$$00000033)
    __rt_lib_init_signal_1                   0x080001bd   Thumb Code     0  libinit2.o(.ARM.Collect$$libinit$$0000001D)
    __rt_lib_init_stdio_1                    0x080001bd   Thumb Code     0  libinit2.o(.ARM.Collect$$libinit$$00000025)
    __rt_lib_init_user_alloc_1               0x080001bd   Thumb Code     0  libinit2.o(.ARM.Collect$$libinit$$0000000C)
    __rt_lib_shutdown                        0x080001bf   Thumb Code     0  libshutdown.o(.ARM.Collect$$libshutdown$$00000000)
    __rt_lib_shutdown_fp_trap_1              0x080001c1   Thumb Code     0  libshutdown2.o(.ARM.Collect$$libshutdown$$00000006)
    __rt_lib_shutdown_heap_1                 0x080001c1   Thumb Code     0  libshutdown2.o(.ARM.Collect$$libshutdown$$0000000E)
    __rt_lib_shutdown_return                 0x080001c1   Thumb Code     0  libshutdown2.o(.ARM.Collect$$libshutdown$$0000000F)
    __rt_lib_shutdown_signal_1               0x080001c1   Thumb Code     0  libshutdown2.o(.ARM.Collect$$libshutdown$$00000009)
    __rt_lib_shutdown_stdio_1                0x080001c1   Thumb Code     0  libshutdown2.o(.ARM.Collect$$libshutdown$$00000003)
    __rt_lib_shutdown_user_alloc_1           0x080001c1   Thumb Code     0  libshutdown2.o(.ARM.Collect$$libshutdown$$0000000B)
    __rt_entry                               0x080001c3   Thumb Code     0  __rtentry.o(.ARM.Collect$$rtentry$$00000000)
    __rt_entry_presh_1                       0x080001c3   Thumb Code     0  __rtentry2.o(.ARM.Collect$$rtentry$$00000002)
    __rt_entry_sh                            0x080001c3   Thumb Code     0  __rtentry4.o(.ARM.Collect$$rtentry$$00000004)
    __rt_entry_li                            0x080001c9   Thumb Code     0  __rtentry2.o(.ARM.Collect$$rtentry$$0000000A)
    __rt_entry_postsh_1                      0x080001c9   Thumb Code     0  __rtentry2.o(.ARM.Collect$$rtentry$$00000009)
    __rt_entry_main                          0x080001cd   Thumb Code     0  __rtentry2.o(.ARM.Collect$$rtentry$$0000000D)
    __rt_entry_postli_1                      0x080001cd   Thumb Code     0  __rtentry2.o(.ARM.Collect$$rtentry$$0000000C)
    __rt_exit                                0x080001d5   Thumb Code     0  rtexit.o(.ARM.Collect$$rtexit$$00000000)
    __rt_exit_ls                             0x080001d7   Thumb Code     0  rtexit2.o(.ARM.Collect$$rtexit$$00000003)
    __rt_exit_prels_1                        0x080001d7   Thumb Code     0  rtexit2.o(.ARM.Collect$$rtexit$$00000002)
    __rt_exit_exit                           0x080001db   Thumb Code     0  rtexit2.o(.ARM.Collect$$rtexit$$00000004)
    SVC_Handler                              0x080001e1   Thumb Code    32  port.o(.emb_text)
    __asm___6_port_c_39a90d8d__prvStartFirstTask 0x08000205   Thumb Code    28  port.o(.emb_text)
    PendSV_Handler                           0x08000225   Thumb Code    72  port.o(.emb_text)
    vPortGetIPSR                             0x08000271   Thumb Code     6  port.o(.emb_text)
    Reset_Handler                            0x08000279   Thumb Code     8  startup_stm32f10x_hd.o(.text)
    ADC1_2_IRQHandler                        0x08000293   Thumb Code     0  startup_stm32f10x_hd.o(.text)
    ADC3_IRQHandler                          0x08000293   Thumb Code     0  startup_stm32f10x_hd.o(.text)
    CAN1_RX1_IRQHandler                      0x08000293   Thumb Code     0  startup_stm32f10x_hd.o(.text)
    CAN1_SCE_IRQHandler                      0x08000293   Thumb Code     0  startup_stm32f10x_hd.o(.text)
    DMA1_Channel1_IRQHandler                 0x08000293   Thumb Code     0  startup_stm32f10x_hd.o(.text)
    DMA1_Channel2_IRQHandler                 0x08000293   Thumb Code     0  startup_stm32f10x_hd.o(.text)
    DMA1_Channel3_IRQHandler                 0x08000293   Thumb Code     0  startup_stm32f10x_hd.o(.text)
    DMA1_Channel4_IRQHandler                 0x08000293   Thumb Code     0  startup_stm32f10x_hd.o(.text)
    DMA1_Channel5_IRQHandler                 0x08000293   Thumb Code     0  startup_stm32f10x_hd.o(.text)
    DMA1_Channel6_IRQHandler                 0x08000293   Thumb Code     0  startup_stm32f10x_hd.o(.text)
    DMA1_Channel7_IRQHandler                 0x08000293   Thumb Code     0  startup_stm32f10x_hd.o(.text)
    DMA2_Channel1_IRQHandler                 0x08000293   Thumb Code     0  startup_stm32f10x_hd.o(.text)
    DMA2_Channel2_IRQHandler                 0x08000293   Thumb Code     0  startup_stm32f10x_hd.o(.text)
    DMA2_Channel3_IRQHandler                 0x08000293   Thumb Code     0  startup_stm32f10x_hd.o(.text)
    DMA2_Channel4_5_IRQHandler               0x08000293   Thumb Code     0  startup_stm32f10x_hd.o(.text)
    EXTI0_IRQHandler                         0x08000293   Thumb Code     0  startup_stm32f10x_hd.o(.text)
    EXTI15_10_IRQHandler                     0x08000293   Thumb Code     0  startup_stm32f10x_hd.o(.text)
    EXTI1_IRQHandler                         0x08000293   Thumb Code     0  startup_stm32f10x_hd.o(.text)
    EXTI2_IRQHandler                         0x08000293   Thumb Code     0  startup_stm32f10x_hd.o(.text)
    EXTI3_IRQHandler                         0x08000293   Thumb Code     0  startup_stm32f10x_hd.o(.text)
    EXTI4_IRQHandler                         0x08000293   Thumb Code     0  startup_stm32f10x_hd.o(.text)
    FLASH_IRQHandler                         0x08000293   Thumb Code     0  startup_stm32f10x_hd.o(.text)
    FSMC_IRQHandler                          0x08000293   Thumb Code     0  startup_stm32f10x_hd.o(.text)
    I2C1_ER_IRQHandler                       0x08000293   Thumb Code     0  startup_stm32f10x_hd.o(.text)
    I2C1_EV_IRQHandler                       0x08000293   Thumb Code     0  startup_stm32f10x_hd.o(.text)
    I2C2_ER_IRQHandler                       0x08000293   Thumb Code     0  startup_stm32f10x_hd.o(.text)
    I2C2_EV_IRQHandler                       0x08000293   Thumb Code     0  startup_stm32f10x_hd.o(.text)
    PVD_IRQHandler                           0x08000293   Thumb Code     0  startup_stm32f10x_hd.o(.text)
    RCC_IRQHandler                           0x08000293   Thumb Code     0  startup_stm32f10x_hd.o(.text)
    RTCAlarm_IRQHandler                      0x08000293   Thumb Code     0  startup_stm32f10x_hd.o(.text)
    RTC_IRQHandler                           0x08000293   Thumb Code     0  startup_stm32f10x_hd.o(.text)
    SDIO_IRQHandler                          0x08000293   Thumb Code     0  startup_stm32f10x_hd.o(.text)
    SPI1_IRQHandler                          0x08000293   Thumb Code     0  startup_stm32f10x_hd.o(.text)
    SPI2_IRQHandler                          0x08000293   Thumb Code     0  startup_stm32f10x_hd.o(.text)
    SPI3_IRQHandler                          0x08000293   Thumb Code     0  startup_stm32f10x_hd.o(.text)
    TAMPER_IRQHandler                        0x08000293   Thumb Code     0  startup_stm32f10x_hd.o(.text)
    TIM1_BRK_IRQHandler                      0x08000293   Thumb Code     0  startup_stm32f10x_hd.o(.text)
    TIM1_CC_IRQHandler                       0x08000293   Thumb Code     0  startup_stm32f10x_hd.o(.text)
    TIM1_TRG_COM_IRQHandler                  0x08000293   Thumb Code     0  startup_stm32f10x_hd.o(.text)
    TIM1_UP_IRQHandler                       0x08000293   Thumb Code     0  startup_stm32f10x_hd.o(.text)
    TIM2_IRQHandler                          0x08000293   Thumb Code     0  startup_stm32f10x_hd.o(.text)
    TIM4_IRQHandler                          0x08000293   Thumb Code     0  startup_stm32f10x_hd.o(.text)
    TIM7_IRQHandler                          0x08000293   Thumb Code     0  startup_stm32f10x_hd.o(.text)
    TIM8_BRK_IRQHandler                      0x08000293   Thumb Code     0  startup_stm32f10x_hd.o(.text)
    TIM8_CC_IRQHandler                       0x08000293   Thumb Code     0  startup_stm32f10x_hd.o(.text)
    TIM8_TRG_COM_IRQHandler                  0x08000293   Thumb Code     0  startup_stm32f10x_hd.o(.text)
    TIM8_UP_IRQHandler                       0x08000293   Thumb Code     0  startup_stm32f10x_hd.o(.text)
    UART4_IRQHandler                         0x08000293   Thumb Code     0  startup_stm32f10x_hd.o(.text)
    UART5_IRQHandler                         0x08000293   Thumb Code     0  startup_stm32f10x_hd.o(.text)
    USART2_IRQHandler                        0x08000293   Thumb Code     0  startup_stm32f10x_hd.o(.text)
    USART3_IRQHandler                        0x08000293   Thumb Code     0  startup_stm32f10x_hd.o(.text)
    USBWakeUp_IRQHandler                     0x08000293   Thumb Code     0  startup_stm32f10x_hd.o(.text)
    USB_HP_CAN1_TX_IRQHandler                0x08000293   Thumb Code     0  startup_stm32f10x_hd.o(.text)
    USB_LP_CAN1_RX0_IRQHandler               0x08000293   Thumb Code     0  startup_stm32f10x_hd.o(.text)
    WWDG_IRQHandler                          0x08000293   Thumb Code     0  startup_stm32f10x_hd.o(.text)
    __user_initial_stackheap                 0x08000295   Thumb Code     0  startup_stm32f10x_hd.o(.text)
    __use_no_semihosting                     0x080002b9   Thumb Code     2  use_no_semi_2.o(.text)
    __2printf                                0x080002bd   Thumb Code    20  noretval__2printf.o(.text)
    __printf                                 0x080002d5   Thumb Code   104  __printf.o(.text)
    _printf_str                              0x0800033d   Thumb Code    82  _printf_str.o(.text)
    _printf_int_dec                          0x08000391   Thumb Code   104  _printf_dec.o(.text)
    _printf_int_hex                          0x08000409   Thumb Code    84  _printf_hex_int.o(.text)
    _printf_longlong_hex                     0x08000409   Thumb Code     0  _printf_hex_int.o(.text)
    __aeabi_memcpy                           0x08000461   Thumb Code     0  rt_memcpy_v6.o(.text)
    __rt_memcpy                              0x08000461   Thumb Code   138  rt_memcpy_v6.o(.text)
    _memcpy_lastbytes                        0x080004c7   Thumb Code     0  rt_memcpy_v6.o(.text)
    __aeabi_memset                           0x080004eb   Thumb Code    16  aeabi_memset.o(.text)
    __use_two_region_memory                  0x080004fb   Thumb Code     2  heapauxi.o(.text)
    __rt_heap_escrow$2region                 0x080004fd   Thumb Code     2  heapauxi.o(.text)
    __rt_heap_expand$2region                 0x080004ff   Thumb Code     2  heapauxi.o(.text)
    __I$use$semihosting                      0x08000501   Thumb Code     0  use_no_semi.o(.text)
    __use_no_semihosting_swi                 0x08000501   Thumb Code     2  use_no_semi.o(.text)
    _printf_int_common                       0x08000503   Thumb Code   178  _printf_intcommon.o(.text)
    _printf_char_common                      0x080005bf   Thumb Code    32  _printf_char_common.o(.text)
    _printf_cs_common                        0x080005e5   Thumb Code    20  _printf_char.o(.text)
    _printf_char                             0x080005f9   Thumb Code    16  _printf_char.o(.text)
    _printf_string                           0x08000609   Thumb Code     8  _printf_char.o(.text)
    _printf_char_file                        0x08000611   Thumb Code    32  _printf_char_file.o(.text)
    __aeabi_memcpy4                          0x08000635   Thumb Code     0  rt_memcpy_w.o(.text)
    __aeabi_memcpy8                          0x08000635   Thumb Code     0  rt_memcpy_w.o(.text)
    __rt_memcpy_w                            0x08000635   Thumb Code   100  rt_memcpy_w.o(.text)
    _memcpy_lastbytes_aligned                0x0800067d   Thumb Code     0  rt_memcpy_w.o(.text)
    __aeabi_memclr                           0x08000699   Thumb Code     0  rt_memclr.o(.text)
    __rt_memclr                              0x08000699   Thumb Code    68  rt_memclr.o(.text)
    _memset                                  0x0800069d   Thumb Code     0  rt_memclr.o(.text)
    ferror                                   0x080006dd   Thumb Code     8  ferror.o(.text)
    __aeabi_memclr4                          0x080006e5   Thumb Code     0  rt_memclr_w.o(.text)
    __aeabi_memclr8                          0x080006e5   Thumb Code     0  rt_memclr_w.o(.text)
    __rt_memclr_w                            0x080006e5   Thumb Code    78  rt_memclr_w.o(.text)
    _memset_w                                0x080006e9   Thumb Code     0  rt_memclr_w.o(.text)
    __user_setup_stackheap                   0x08000733   Thumb Code    74  sys_stackheap_outer.o(.text)
    exit                                     0x0800077d   Thumb Code    12  exit.o(.text)
    __user_libspace                          0x08000789   Thumb Code     8  libspace.o(.text)
    __user_perproc_libspace                  0x08000789   Thumb Code     0  libspace.o(.text)
    __user_perthread_libspace                0x08000789   Thumb Code     0  libspace.o(.text)
    ADC_Cmd                                  0x08000791   Thumb Code    20  stm32f10x_adc.o(i.ADC_Cmd)
    ADC_DeInit                               0x080007a5   Thumb Code    56  stm32f10x_adc.o(i.ADC_DeInit)
    ADC_GetCalibrationStatus                 0x080007e9   Thumb Code    14  stm32f10x_adc.o(i.ADC_GetCalibrationStatus)
    ADC_GetConversionValue                   0x080007f7   Thumb Code     6  stm32f10x_adc.o(i.ADC_GetConversionValue)
    ADC_GetFlagStatus                        0x080007fd   Thumb Code    14  stm32f10x_adc.o(i.ADC_GetFlagStatus)
    ADC_GetResetCalibrationStatus            0x0800080b   Thumb Code    14  stm32f10x_adc.o(i.ADC_GetResetCalibrationStatus)
    ADC_Init                                 0x08000819   Thumb Code    62  stm32f10x_adc.o(i.ADC_Init)
    ADC_RegularChannelConfig                 0x08000861   Thumb Code   116  stm32f10x_adc.o(i.ADC_RegularChannelConfig)
    ADC_ResetCalibration                     0x080008d5   Thumb Code    10  stm32f10x_adc.o(i.ADC_ResetCalibration)
    ADC_SoftwareStartConvCmd                 0x080008df   Thumb Code    20  stm32f10x_adc.o(i.ADC_SoftwareStartConvCmd)
    ADC_StartCalibration                     0x080008f3   Thumb Code    10  stm32f10x_adc.o(i.ADC_StartCalibration)
    Adc3_Init                                0x080008fd   Thumb Code   116  adc.o(i.Adc3_Init)
    BusFault_Handler                         0x08000975   Thumb Code     2  stm32f10x_it.o(i.BusFault_Handler)
    CAMERA_task                              0x08000979   Thumb Code   316  main.o(i.CAMERA_task)
    DHT11_Check                              0x08000b05   Thumb Code    90  dht11.o(i.DHT11_Check)
    DHT11_Init                               0x08000b69   Thumb Code    58  dht11.o(i.DHT11_Init)
    DHT11_Read_Bit                           0x08000ba9   Thumb Code    70  dht11.o(i.DHT11_Read_Bit)
    DHT11_Read_Byte                          0x08000bf5   Thumb Code    26  dht11.o(i.DHT11_Read_Byte)
    DHT11_Read_Data                          0x08000c0f   Thumb Code    80  dht11.o(i.DHT11_Read_Data)
    DHT11_Rst                                0x08000c61   Thumb Code    52  dht11.o(i.DHT11_Rst)
    DHT11_task                               0x08000c9d   Thumb Code   144  main.o(i.DHT11_task)
    DebugMon_Handler                         0x08000d39   Thumb Code     2  stm32f10x_it.o(i.DebugMon_Handler)
    EXTI8_Init                               0x08000d3b   Thumb Code    66  exti.o(i.EXTI8_Init)
    EXTI9_5_IRQHandler                       0x08000d7d   Thumb Code    54  exti.o(i.EXTI9_5_IRQHandler)
    EXTI_ClearITPendingBit                   0x08000dc1   Thumb Code     6  stm32f10x_exti.o(i.EXTI_ClearITPendingBit)
    EXTI_GetITStatus                         0x08000dcd   Thumb Code    28  stm32f10x_exti.o(i.EXTI_GetITStatus)
    EXTI_Init                                0x08000ded   Thumb Code   108  stm32f10x_exti.o(i.EXTI_Init)
    FSMC_NORSRAMCmd                          0x08000e5d   Thumb Code    26  stm32f10x_fsmc.o(i.FSMC_NORSRAMCmd)
    FSMC_NORSRAMInit                         0x08000e7d   Thumb Code   200  stm32f10x_fsmc.o(i.FSMC_NORSRAMInit)
    GPIO_EXTILineConfig                      0x08000f45   Thumb Code    34  stm32f10x_gpio.o(i.GPIO_EXTILineConfig)
    GPIO_Init                                0x08000f6d   Thumb Code   156  stm32f10x_gpio.o(i.GPIO_Init)
    GPIO_PinRemapConfig                      0x08001009   Thumb Code    82  stm32f10x_gpio.o(i.GPIO_PinRemapConfig)
    GPIO_ReadInputDataBit                    0x08001061   Thumb Code    14  stm32f10x_gpio.o(i.GPIO_ReadInputDataBit)
    GPIO_SetBits                             0x0800106f   Thumb Code     4  stm32f10x_gpio.o(i.GPIO_SetBits)
    Get_Adc3                                 0x08001075   Thumb Code    46  adc.o(i.Get_Adc3)
    Hander_Init                              0x080010a9   Thumb Code    44  main.o(i.Hander_Init)
    HardFault_Handler                        0x080010d5   Thumb Code     2  stm32f10x_it.o(i.HardFault_Handler)
    KEY_Init                                 0x080010d9   Thumb Code    52  key.o(i.KEY_Init)
    KEY_Scan                                 0x08001115   Thumb Code   154  key.o(i.KEY_Scan)
    LCD_Clear                                0x080011bd   Thumb Code   100  lcd.o(i.LCD_Clear)
    LCD_Display_Dir                          0x08001229   Thumb Code   304  lcd.o(i.LCD_Display_Dir)
    LCD_Fast_DrawPoint                       0x0800135d   Thumb Code   276  lcd.o(i.LCD_Fast_DrawPoint)
    LCD_Fill                                 0x08001479   Thumb Code   132  lcd.o(i.LCD_Fill)
    LCD_Init                                 0x08001505   Thumb Code 11792  lcd.o(i.LCD_Init)
    LCD_Pow                                  0x08004319   Thumb Code    16  lcd.o(i.LCD_Pow)
    LCD_RD_DATA                              0x08004329   Thumb Code    16  lcd.o(i.LCD_RD_DATA)
    LCD_ReadReg                              0x0800433d   Thumb Code    20  lcd.o(i.LCD_ReadReg)
    LCD_SSD_BackLightSet                     0x08004355   Thumb Code    50  lcd.o(i.LCD_SSD_BackLightSet)
    LCD_Scan_Dir                             0x08004391   Thumb Code   414  lcd.o(i.LCD_Scan_Dir)
    LCD_SetCursor                            0x08004539   Thumb Code   320  lcd.o(i.LCD_SetCursor)
    LCD_Set_Window                           0x08004681   Thumb Code   370  lcd.o(i.LCD_Set_Window)
    LCD_ShowChar                             0x080047fd   Thumb Code   182  lcd.o(i.LCD_ShowChar)
    LCD_ShowNum                              0x080048c9   Thumb Code   118  lcd.o(i.LCD_ShowNum)
    LCD_ShowString                           0x0800493f   Thumb Code    84  lcd.o(i.LCD_ShowString)
    LCD_ShowxNum                             0x08004993   Thumb Code   134  lcd.o(i.LCD_ShowxNum)
    LCD_WriteRAM_Prepare                     0x08004a19   Thumb Code    10  lcd.o(i.LCD_WriteRAM_Prepare)
    LCD_WriteReg                             0x08004a2d   Thumb Code    10  lcd.o(i.LCD_WriteReg)
    LCD_back                                 0x08004a3d   Thumb Code   170  main.o(i.LCD_back)
    LED_Init                                 0x08004b6d   Thumb Code    70  led.o(i.LED_Init)
    LSENSOR_task                             0x08004bbd   Thumb Code   134  main.o(i.LSENSOR_task)
    Lsens_Get_Val                            0x08004c5d   Thumb Code    58  light.o(i.Lsens_Get_Val)
    Lsens_Init                               0x08004c99   Thumb Code    38  light.o(i.Lsens_Init)
    MemManage_Handler                        0x08004cc5   Thumb Code     2  stm32f10x_it.o(i.MemManage_Handler)
    NMI_Handler                              0x08004cc7   Thumb Code     2  stm32f10x_it.o(i.NMI_Handler)
    NVIC_Init                                0x08004cc9   Thumb Code    94  misc.o(i.NVIC_Init)
    NVIC_PriorityGroupConfig                 0x08004d2d   Thumb Code    10  misc.o(i.NVIC_PriorityGroupConfig)
    OV7725_Brightness                        0x08004d41   Thumb Code    78  ov7725.o(i.OV7725_Brightness)
    OV7725_Color_Saturation                  0x08004d8f   Thumb Code    34  ov7725.o(i.OV7725_Color_Saturation)
    OV7725_Contrast                          0x08004db1   Thumb Code    22  ov7725.o(i.OV7725_Contrast)
    OV7725_Init                              0x08004dc9   Thumb Code   296  ov7725.o(i.OV7725_Init)
    OV7725_Light_Mode                        0x08004f25   Thumb Code   152  ov7725.o(i.OV7725_Light_Mode)
    OV7725_Special_Effects                   0x08004fbd   Thumb Code   138  ov7725.o(i.OV7725_Special_Effects)
    OV7725_camera_refresh                    0x08005049   Thumb Code   224  main.o(i.OV7725_camera_refresh)
    RCC_AHBPeriphClockCmd                    0x08005145   Thumb Code    18  stm32f10x_rcc.o(i.RCC_AHBPeriphClockCmd)
    RCC_APB1PeriphClockCmd                   0x0800515d   Thumb Code    18  stm32f10x_rcc.o(i.RCC_APB1PeriphClockCmd)
    RCC_APB2PeriphClockCmd                   0x08005175   Thumb Code    18  stm32f10x_rcc.o(i.RCC_APB2PeriphClockCmd)
    RCC_APB2PeriphResetCmd                   0x0800518d   Thumb Code    18  stm32f10x_rcc.o(i.RCC_APB2PeriphResetCmd)
    RCC_GetClocksFreq                        0x080051a5   Thumb Code   132  stm32f10x_rcc.o(i.RCC_GetClocksFreq)
    SCCB_Init                                0x08005239   Thumb Code    98  sccb.o(i.SCCB_Init)
    SCCB_No_Ack                              0x080052a5   Thumb Code    58  sccb.o(i.SCCB_No_Ack)
    SCCB_RD_Byte                             0x080052e9   Thumb Code   102  sccb.o(i.SCCB_RD_Byte)
    SCCB_RD_Reg                              0x0800535d   Thumb Code    76  sccb.o(i.SCCB_RD_Reg)
    SCCB_Start                               0x080053a9   Thumb Code    44  sccb.o(i.SCCB_Start)
    SCCB_Stop                                0x080053dd   Thumb Code    46  sccb.o(i.SCCB_Stop)
    SCCB_WR_Byte                             0x08005415   Thumb Code   130  sccb.o(i.SCCB_WR_Byte)
    SCCB_WR_Reg                              0x080054a5   Thumb Code    62  sccb.o(i.SCCB_WR_Reg)
    SysTick_CLKSourceConfig                  0x0800558d   Thumb Code    24  misc.o(i.SysTick_CLKSourceConfig)
    SysTick_Handler                          0x080055a5   Thumb Code    20  delay.o(i.SysTick_Handler)
    SystemInit                               0x080055b9   Thumb Code    64  system_stm32f10x.o(i.SystemInit)
    TIM3_IRQHandler                          0x08005609   Thumb Code    44  timer.o(i.TIM3_IRQHandler)
    TIM3_PWM_Init                            0x0800563d   Thumb Code   142  timer.o(i.TIM3_PWM_Init)
    TIM5_IRQHandler                          0x080056d9   Thumb Code   128  timer.o(i.TIM5_IRQHandler)
    TIM6_IRQHandler                          0x08005761   Thumb Code    40  timer.o(i.TIM6_IRQHandler)
    TIM6_Int_Init                            0x080057a1   Thumb Code    90  timer.o(i.TIM6_Int_Init)
    TIM_ARRPreloadConfig                     0x08005801   Thumb Code    20  stm32f10x_tim.o(i.TIM_ARRPreloadConfig)
    TIM_ClearITPendingBit                    0x08005815   Thumb Code     6  stm32f10x_tim.o(i.TIM_ClearITPendingBit)
    TIM_Cmd                                  0x0800581b   Thumb Code    20  stm32f10x_tim.o(i.TIM_Cmd)
    TIM_GetCapture1                          0x0800582f   Thumb Code     4  stm32f10x_tim.o(i.TIM_GetCapture1)
    TIM_GetITStatus                          0x08005833   Thumb Code    24  stm32f10x_tim.o(i.TIM_GetITStatus)
    TIM_ITConfig                             0x0800584b   Thumb Code    16  stm32f10x_tim.o(i.TIM_ITConfig)
    TIM_OC1PolarityConfig                    0x0800585b   Thumb Code    12  stm32f10x_tim.o(i.TIM_OC1PolarityConfig)
    TIM_OC2Init                              0x08005869   Thumb Code   120  stm32f10x_tim.o(i.TIM_OC2Init)
    TIM_OC2PreloadConfig                     0x080058e9   Thumb Code    20  stm32f10x_tim.o(i.TIM_OC2PreloadConfig)
    TIM_SetCompare2                          0x080058fd   Thumb Code     4  stm32f10x_tim.o(i.TIM_SetCompare2)
    TIM_SetCounter                           0x08005901   Thumb Code     4  stm32f10x_tim.o(i.TIM_SetCounter)
    TIM_TimeBaseInit                         0x08005905   Thumb Code   114  stm32f10x_tim.o(i.TIM_TimeBaseInit)
    USART1_IRQHandler                        0x080059a1   Thumb Code    88  usart.o(i.USART1_IRQHandler)
    USART_Cmd                                0x08005a05   Thumb Code    20  stm32f10x_usart.o(i.USART_Cmd)
    USART_GetITStatus                        0x08005a19   Thumb Code    62  stm32f10x_usart.o(i.USART_GetITStatus)
    USART_ITConfig                           0x08005a57   Thumb Code    48  stm32f10x_usart.o(i.USART_ITConfig)
    USART_Init                               0x08005a89   Thumb Code   166  stm32f10x_usart.o(i.USART_Init)
    USART_ReceiveData                        0x08005b35   Thumb Code     8  stm32f10x_usart.o(i.USART_ReceiveData)
    UsageFault_Handler                       0x08005b3d   Thumb Code     2  stm32f10x_it.o(i.UsageFault_Handler)
    _sys_exit                                0x08005b3f   Thumb Code     2  usart.o(i._sys_exit)
    delay_init                               0x08005b41   Thumb Code    60  delay.o(i.delay_init)
    delay_ms                                 0x08005b89   Thumb Code    52  delay.o(i.delay_ms)
    delay_us                                 0x08005bc1   Thumb Code    48  delay.o(i.delay_us)
    fputc                                    0x08005bf5   Thumb Code    18  usart.o(i.fputc)
    key_task                                 0x08005c0d   Thumb Code    46  main.o(i.key_task)
    main                                     0x08005c65   Thumb Code    42  main.o(i.main)
    pvPortMalloc                             0x0800655d   Thumb Code   214  heap_4.o(i.pvPortMalloc)
    pvTaskIncrementMutexHeldCount            0x08006671   Thumb Code    18  tasks.o(i.pvTaskIncrementMutexHeldCount)
    pxPortInitialiseStack                    0x08006689   Thumb Code    32  port.o(i.pxPortInitialiseStack)
    start_task                               0x080066ad   Thumb Code    80  main.o(i.start_task)
    uart_init                                0x08006735   Thumb Code   152  usart.o(i.uart_init)
    uxListRemove                             0x080067d5   Thumb Code    36  list.o(i.uxListRemove)
    vListInitialise                          0x080067f9   Thumb Code    22  list.o(i.vListInitialise)
    vListInitialiseItem                      0x0800680f   Thumb Code     6  list.o(i.vListInitialiseItem)
    vListInsert                              0x08006815   Thumb Code    48  list.o(i.vListInsert)
    vListInsertEnd                           0x08006845   Thumb Code    24  list.o(i.vListInsertEnd)
    vPortEnterCritical                       0x0800685d   Thumb Code    50  port.o(i.vPortEnterCritical)
    vPortExitCritical                        0x080068d5   Thumb Code    34  port.o(i.vPortExitCritical)
    vPortFree                                0x08006939   Thumb Code    94  heap_4.o(i.vPortFree)
    vPortSetupTimerInterrupt                 0x080069d5   Thumb Code    26  port.o(i.vPortSetupTimerInterrupt)
    vPortValidateInterruptPriority           0x080069f5   Thumb Code    70  port.o(i.vPortValidateInterruptPriority)
    vQueueAddToRegistry                      0x08006a81   Thumb Code    32  queue.o(i.vQueueAddToRegistry)
    vQueueWaitForMessageRestricted           0x08006aa5   Thumb Code    68  queue.o(i.vQueueWaitForMessageRestricted)
    vTaskDelay                               0x08006ae9   Thumb Code    62  tasks.o(i.vTaskDelay)
    vTaskDelete                              0x08006b55   Thumb Code   152  tasks.o(i.vTaskDelete)
    vTaskMissedYield                         0x08006c21   Thumb Code     8  tasks.o(i.vTaskMissedYield)
    vTaskPlaceOnEventList                    0x08006c2d   Thumb Code    44  tasks.o(i.vTaskPlaceOnEventList)
    vTaskPlaceOnEventListRestricted          0x08006c81   Thumb Code    52  tasks.o(i.vTaskPlaceOnEventListRestricted)
    vTaskPriorityInherit                     0x08006cdd   Thumb Code   124  tasks.o(i.vTaskPriorityInherit)
    vTaskResume                              0x08006d61   Thumb Code   112  tasks.o(i.vTaskResume)
    vTaskSetTimeOutState                     0x08006e01   Thumb Code    30  tasks.o(i.vTaskSetTimeOutState)
    vTaskStartScheduler                      0x08006e49   Thumb Code    96  tasks.o(i.vTaskStartScheduler)
    vTaskSuspendAll                          0x08006edd   Thumb Code    10  tasks.o(i.vTaskSuspendAll)
    vTaskSwitchContext                       0x08006eed   Thumb Code    80  tasks.o(i.vTaskSwitchContext)
    xPortStartScheduler                      0x08006f69   Thumb Code   108  port.o(i.xPortStartScheduler)
    xPortSysTickHandler                      0x08006fe1   Thumb Code    38  port.o(i.xPortSysTickHandler)
    xQueueGenericCreate                      0x0800700d   Thumb Code    82  queue.o(i.xQueueGenericCreate)
    xQueueGenericReceive                     0x08007085   Thumb Code   348  queue.o(i.xQueueGenericReceive)
    xQueueGenericReset                       0x08007209   Thumb Code   128  queue.o(i.xQueueGenericReset)
    xQueueGenericSend                        0x080072b1   Thumb Code   350  queue.o(i.xQueueGenericSend)
    xQueueGenericSendFromISR                 0x08007439   Thumb Code   188  queue.o(i.xQueueGenericSendFromISR)
    xTaskCheckForTimeOut                     0x08007519   Thumb Code    94  tasks.o(i.xTaskCheckForTimeOut)
    xTaskCreate                              0x080075a1   Thumb Code    86  tasks.o(i.xTaskCreate)
    xTaskGetSchedulerState                   0x080075f9   Thumb Code    22  tasks.o(i.xTaskGetSchedulerState)
    xTaskGetTickCount                        0x08007615   Thumb Code     6  tasks.o(i.xTaskGetTickCount)
    xTaskIncrementTick                       0x08007621   Thumb Code   188  tasks.o(i.xTaskIncrementTick)
    xTaskPriorityDisinherit                  0x08007709   Thumb Code   136  tasks.o(i.xTaskPriorityDisinherit)
    xTaskRemoveFromEventList                 0x080077bd   Thumb Code   102  tasks.o(i.xTaskRemoveFromEventList)
    xTaskResumeAll                           0x08007855   Thumb Code   180  tasks.o(i.xTaskResumeAll)
    xTimerCreate                             0x08007939   Thumb Code    74  timers.o(i.xTimerCreate)
    xTimerCreateTimerTask                    0x080079ad   Thumb Code    58  timers.o(i.xTimerCreateTimerTask)
    xTimerGenericCommand                     0x08007a21   Thumb Code    98  timers.o(i.xTimerGenericCommand)
    __aeabi_d2uiz                            0x08007ab1   Thumb Code     0  dfixu.o(x$fpl$dfixu)
    _dfixu                                   0x08007ab1   Thumb Code    90  dfixu.o(x$fpl$dfixu)
    __aeabi_ui2d                             0x08007b0b   Thumb Code     0  dflt_clz.o(x$fpl$dfltu)
    _dfltu                                   0x08007b0b   Thumb Code    38  dflt_clz.o(x$fpl$dfltu)
    __aeabi_dmul                             0x08007b31   Thumb Code     0  dmul.o(x$fpl$dmul)
    _dmul                                    0x08007b31   Thumb Code   332  dmul.o(x$fpl$dmul)
    __fpl_dnaninf                            0x08007c85   Thumb Code   156  dnaninf.o(x$fpl$dnaninf)
    __fpl_dretinf                            0x08007d21   Thumb Code    12  dretinf.o(x$fpl$dretinf)
    __I$use$fp                               0x08007d2c   Number         0  usenofp.o(x$fpl$usenofp)
    asc2_1206                                0x08007d2c   Data        1140  lcd.o(.constdata)
    asc2_1608                                0x080081a0   Data        1520  lcd.o(.constdata)
    asc2_2412                                0x08008790   Data        3420  lcd.o(.constdata)
    ov7725_init_reg_tb1                      0x080094ec   Data         130  ov7725.o(.constdata)
    Region$$Table$$Base                      0x08009598   Number         0  anon$$obj.o(Region$$Table)
    Region$$Table$$Limit                     0x080095b8   Number         0  anon$$obj.o(Region$$Table)
    StartTask_Handler                        0x20000000   Data           4  main.o(.data)
    KeyTask_Handler                          0x20000004   Data           4  main.o(.data)
    DHT11_Handler                            0x20000008   Data           4  main.o(.data)
    LSENSOR_Handler                          0x2000000c   Data           4  main.o(.data)
    CAMERA__Handler                          0x20000010   Data           4  main.o(.data)
    SystemCoreClock                          0x20000014   Data           4  system_stm32f10x.o(.data)
    AHBPrescTable                            0x20000018   Data          16  system_stm32f10x.o(.data)
    POINT_COLOR                              0x2000002a   Data           2  lcd.o(.data)
    BACK_COLOR                               0x2000002c   Data           2  lcd.o(.data)
    TIM5CH1_CAPTURE_STA                      0x2000002e   Data           1  timer.o(.data)
    ov_frame                                 0x2000002f   Data           1  timer.o(.data)
    TIM5CH1_CAPTURE_VAL                      0x20000030   Data           2  timer.o(.data)
    ov_sta                                   0x20000032   Data           1  exti.o(.data)
    USART_RX_STA                             0x20000038   Data           2  usart.o(.data)
    __stdout                                 0x2000003c   Data           4  usart.o(.data)
    pxCurrentTCB                             0x20000054   Data           4  tasks.o(.data)
    lcddev                                   0x200000c8   Data          14  lcd.o(.bss)
    USART_RX_BUF                             0x200000d6   Data         200  usart.o(.bss)
    xQueueRegistry                           0x200001a0   Data          64  queue.o(.bss)
    __libspace_start                         0x200054ec   Data          96  libspace.o(.bss)
    __temporary_stack_top$libspace           0x2000554c   Data           0  libspace.o(.bss)



==============================================================================

Memory Map of the image

  Image Entry point : 0x08000279

  Load Region LR_1 (Base: 0x08000000, Size: 0x00009680, Max: 0xffffffff, ABSOLUTE)

    Execution Region ER_RO (Base: 0x08000000, Size: 0x000095b8, Max: 0xffffffff, ABSOLUTE)

    Base Addr    Size         Type   Attr      Idx    E Section Name        Object

    0x08000000   0x00000130   Data   RO         1022    RESET               startup_stm32f10x_hd.o
    0x08000130   0x00000008   Code   RO         3550  * !!!main             c_w.l(__main.o)
    0x08000138   0x00000034   Code   RO         3768    !!!scatter          c_w.l(__scatter.o)
    0x0800016c   0x0000001a   Code   RO         3770    !!handler_copy      c_w.l(__scatter_copy.o)
    0x08000186   0x00000002   PAD
    0x08000188   0x0000001c   Code   RO         3772    !!handler_zi        c_w.l(__scatter_zi.o)
    0x080001a4   0x00000000   Code   RO         3539    .ARM.Collect$$_printf_percent$$00000000  c_w.l(_printf_percent.o)
    0x080001a4   0x00000006   Code   RO         3537    .ARM.Collect$$_printf_percent$$00000009  c_w.l(_printf_d.o)
    0x080001aa   0x00000006   Code   RO         3536    .ARM.Collect$$_printf_percent$$0000000C  c_w.l(_printf_x.o)
    0x080001b0   0x00000006   Code   RO         3535    .ARM.Collect$$_printf_percent$$00000014  c_w.l(_printf_s.o)
    0x080001b6   0x00000004   Code   RO         3599    .ARM.Collect$$_printf_percent$$00000017  c_w.l(_printf_percent_end.o)
    0x080001ba   0x00000002   Code   RO         3643    .ARM.Collect$$libinit$$00000000  c_w.l(libinit.o)
    0x080001bc   0x00000000   Code   RO         3650    .ARM.Collect$$libinit$$00000002  c_w.l(libinit2.o)
    0x080001bc   0x00000000   Code   RO         3652    .ARM.Collect$$libinit$$00000004  c_w.l(libinit2.o)
    0x080001bc   0x00000000   Code   RO         3655    .ARM.Collect$$libinit$$0000000A  c_w.l(libinit2.o)
    0x080001bc   0x00000000   Code   RO         3657    .ARM.Collect$$libinit$$0000000C  c_w.l(libinit2.o)
    0x080001bc   0x00000000   Code   RO         3659    .ARM.Collect$$libinit$$0000000E  c_w.l(libinit2.o)
    0x080001bc   0x00000000   Code   RO         3662    .ARM.Collect$$libinit$$00000011  c_w.l(libinit2.o)
    0x080001bc   0x00000000   Code   RO         3664    .ARM.Collect$$libinit$$00000013  c_w.l(libinit2.o)
    0x080001bc   0x00000000   Code   RO         3666    .ARM.Collect$$libinit$$00000015  c_w.l(libinit2.o)
    0x080001bc   0x00000000   Code   RO         3668    .ARM.Collect$$libinit$$00000017  c_w.l(libinit2.o)
    0x080001bc   0x00000000   Code   RO         3670    .ARM.Collect$$libinit$$00000019  c_w.l(libinit2.o)
    0x080001bc   0x00000000   Code   RO         3672    .ARM.Collect$$libinit$$0000001B  c_w.l(libinit2.o)
    0x080001bc   0x00000000   Code   RO         3674    .ARM.Collect$$libinit$$0000001D  c_w.l(libinit2.o)
    0x080001bc   0x00000000   Code   RO         3676    .ARM.Collect$$libinit$$0000001F  c_w.l(libinit2.o)
    0x080001bc   0x00000000   Code   RO         3678    .ARM.Collect$$libinit$$00000021  c_w.l(libinit2.o)
    0x080001bc   0x00000000   Code   RO         3680    .ARM.Collect$$libinit$$00000023  c_w.l(libinit2.o)
    0x080001bc   0x00000000   Code   RO         3682    .ARM.Collect$$libinit$$00000025  c_w.l(libinit2.o)
    0x080001bc   0x00000000   Code   RO         3686    .ARM.Collect$$libinit$$0000002C  c_w.l(libinit2.o)
    0x080001bc   0x00000000   Code   RO         3688    .ARM.Collect$$libinit$$0000002E  c_w.l(libinit2.o)
    0x080001bc   0x00000000   Code   RO         3690    .ARM.Collect$$libinit$$00000030  c_w.l(libinit2.o)
    0x080001bc   0x00000000   Code   RO         3692    .ARM.Collect$$libinit$$00000032  c_w.l(libinit2.o)
    0x080001bc   0x00000002   Code   RO         3693    .ARM.Collect$$libinit$$00000033  c_w.l(libinit2.o)
    0x080001be   0x00000002   Code   RO         3711    .ARM.Collect$$libshutdown$$00000000  c_w.l(libshutdown.o)
    0x080001c0   0x00000000   Code   RO         3722    .ARM.Collect$$libshutdown$$00000003  c_w.l(libshutdown2.o)
    0x080001c0   0x00000000   Code   RO         3725    .ARM.Collect$$libshutdown$$00000006  c_w.l(libshutdown2.o)
    0x080001c0   0x00000000   Code   RO         3728    .ARM.Collect$$libshutdown$$00000009  c_w.l(libshutdown2.o)
    0x080001c0   0x00000000   Code   RO         3730    .ARM.Collect$$libshutdown$$0000000B  c_w.l(libshutdown2.o)
    0x080001c0   0x00000000   Code   RO         3733    .ARM.Collect$$libshutdown$$0000000E  c_w.l(libshutdown2.o)
    0x080001c0   0x00000002   Code   RO         3734    .ARM.Collect$$libshutdown$$0000000F  c_w.l(libshutdown2.o)
    0x080001c2   0x00000000   Code   RO         3588    .ARM.Collect$$rtentry$$00000000  c_w.l(__rtentry.o)
    0x080001c2   0x00000000   Code   RO         3612    .ARM.Collect$$rtentry$$00000002  c_w.l(__rtentry2.o)
    0x080001c2   0x00000006   Code   RO         3624    .ARM.Collect$$rtentry$$00000004  c_w.l(__rtentry4.o)
    0x080001c8   0x00000000   Code   RO         3614    .ARM.Collect$$rtentry$$00000009  c_w.l(__rtentry2.o)
    0x080001c8   0x00000004   Code   RO         3615    .ARM.Collect$$rtentry$$0000000A  c_w.l(__rtentry2.o)
    0x080001cc   0x00000000   Code   RO         3617    .ARM.Collect$$rtentry$$0000000C  c_w.l(__rtentry2.o)
    0x080001cc   0x00000008   Code   RO         3618    .ARM.Collect$$rtentry$$0000000D  c_w.l(__rtentry2.o)
    0x080001d4   0x00000002   Code   RO         3647    .ARM.Collect$$rtexit$$00000000  c_w.l(rtexit.o)
    0x080001d6   0x00000000   Code   RO         3695    .ARM.Collect$$rtexit$$00000002  c_w.l(rtexit2.o)
    0x080001d6   0x00000004   Code   RO         3696    .ARM.Collect$$rtexit$$00000003  c_w.l(rtexit2.o)
    0x080001da   0x00000006   Code   RO         3697    .ARM.Collect$$rtexit$$00000004  c_w.l(rtexit2.o)
    0x080001e0   0x00000096   Code   RO         3398    .emb_text           port.o
    0x08000276   0x00000002   PAD
    0x08000278   0x00000040   Code   RO         1023  * .text               startup_stm32f10x_hd.o
    0x080002b8   0x00000002   Code   RO         3477    .text               c_w.l(use_no_semi_2.o)
    0x080002ba   0x00000002   PAD
    0x080002bc   0x00000018   Code   RO         3483    .text               c_w.l(noretval__2printf.o)
    0x080002d4   0x00000068   Code   RO         3487    .text               c_w.l(__printf.o)
    0x0800033c   0x00000052   Code   RO         3489    .text               c_w.l(_printf_str.o)
    0x0800038e   0x00000002   PAD
    0x08000390   0x00000078   Code   RO         3491    .text               c_w.l(_printf_dec.o)
    0x08000408   0x00000058   Code   RO         3496    .text               c_w.l(_printf_hex_int.o)
    0x08000460   0x0000008a   Code   RO         3544    .text               c_w.l(rt_memcpy_v6.o)
    0x080004ea   0x00000010   Code   RO         3546    .text               c_w.l(aeabi_memset.o)
    0x080004fa   0x00000006   Code   RO         3548    .text               c_w.l(heapauxi.o)
    0x08000500   0x00000002   Code   RO         3586    .text               c_w.l(use_no_semi.o)
    0x08000502   0x000000b2   Code   RO         3589    .text               c_w.l(_printf_intcommon.o)
    0x080005b4   0x00000030   Code   RO         3591    .text               c_w.l(_printf_char_common.o)
    0x080005e4   0x0000002c   Code   RO         3595    .text               c_w.l(_printf_char.o)
    0x08000610   0x00000024   Code   RO         3597    .text               c_w.l(_printf_char_file.o)
    0x08000634   0x00000064   Code   RO         3600    .text               c_w.l(rt_memcpy_w.o)
    0x08000698   0x00000044   Code   RO         3602    .text               c_w.l(rt_memclr.o)
    0x080006dc   0x00000008   Code   RO         3628    .text               c_w.l(ferror.o)
    0x080006e4   0x0000004e   Code   RO         3632    .text               c_w.l(rt_memclr_w.o)
    0x08000732   0x0000004a   Code   RO         3634    .text               c_w.l(sys_stackheap_outer.o)
    0x0800077c   0x0000000c   Code   RO         3636    .text               c_w.l(exit.o)
    0x08000788   0x00000008   Code   RO         3644    .text               c_w.l(libspace.o)
    0x08000790   0x00000014   Code   RO         1587    i.ADC_Cmd           stm32f10x_adc.o
    0x080007a4   0x00000044   Code   RO         1589    i.ADC_DeInit        stm32f10x_adc.o
    0x080007e8   0x0000000e   Code   RO         1595    i.ADC_GetCalibrationStatus  stm32f10x_adc.o
    0x080007f6   0x00000006   Code   RO         1596    i.ADC_GetConversionValue  stm32f10x_adc.o
    0x080007fc   0x0000000e   Code   RO         1598    i.ADC_GetFlagStatus  stm32f10x_adc.o
    0x0800080a   0x0000000e   Code   RO         1601    i.ADC_GetResetCalibrationStatus  stm32f10x_adc.o
    0x08000818   0x00000048   Code   RO         1605    i.ADC_Init          stm32f10x_adc.o
    0x08000860   0x00000074   Code   RO         1609    i.ADC_RegularChannelConfig  stm32f10x_adc.o
    0x080008d4   0x0000000a   Code   RO         1610    i.ADC_ResetCalibration  stm32f10x_adc.o
    0x080008de   0x00000014   Code   RO         1612    i.ADC_SoftwareStartConvCmd  stm32f10x_adc.o
    0x080008f2   0x0000000a   Code   RO         1614    i.ADC_StartCalibration  stm32f10x_adc.o
    0x080008fc   0x00000078   Code   RO          347    i.Adc3_Init         adc.o
    0x08000974   0x00000002   Code   RO          235    i.BusFault_Handler  stm32f10x_it.o
    0x08000976   0x00000002   PAD
    0x08000978   0x0000018c   Code   RO            1    i.CAMERA_task       main.o
    0x08000b04   0x00000064   Code   RO          383    i.DHT11_Check       dht11.o
    0x08000b68   0x00000040   Code   RO          384    i.DHT11_Init        dht11.o
    0x08000ba8   0x0000004c   Code   RO          385    i.DHT11_Read_Bit    dht11.o
    0x08000bf4   0x0000001a   Code   RO          386    i.DHT11_Read_Byte   dht11.o
    0x08000c0e   0x00000050   Code   RO          387    i.DHT11_Read_Data   dht11.o
    0x08000c5e   0x00000002   PAD
    0x08000c60   0x0000003c   Code   RO          388    i.DHT11_Rst         dht11.o
    0x08000c9c   0x0000009c   Code   RO            2    i.DHT11_task        main.o
    0x08000d38   0x00000002   Code   RO          236    i.DebugMon_Handler  stm32f10x_it.o
    0x08000d3a   0x00000042   Code   RO          861    i.EXTI8_Init        exti.o
    0x08000d7c   0x00000044   Code   RO          862    i.EXTI9_5_IRQHandler  exti.o
    0x08000dc0   0x0000000c   Code   RO         2457    i.EXTI_ClearITPendingBit  stm32f10x_exti.o
    0x08000dcc   0x00000020   Code   RO         2461    i.EXTI_GetITStatus  stm32f10x_exti.o
    0x08000dec   0x00000070   Code   RO         2462    i.EXTI_Init         stm32f10x_exti.o
    0x08000e5c   0x00000020   Code   RO         2347    i.FSMC_NORSRAMCmd   stm32f10x_fsmc.o
    0x08000e7c   0x000000c8   Code   RO         2349    i.FSMC_NORSRAMInit  stm32f10x_fsmc.o
    0x08000f44   0x00000028   Code   RO         1066    i.GPIO_EXTILineConfig  stm32f10x_gpio.o
    0x08000f6c   0x0000009c   Code   RO         1069    i.GPIO_Init         stm32f10x_gpio.o
    0x08001008   0x00000058   Code   RO         1071    i.GPIO_PinRemapConfig  stm32f10x_gpio.o
    0x08001060   0x0000000e   Code   RO         1073    i.GPIO_ReadInputDataBit  stm32f10x_gpio.o
    0x0800106e   0x00000004   Code   RO         1077    i.GPIO_SetBits      stm32f10x_gpio.o
    0x08001072   0x00000002   PAD
    0x08001074   0x00000034   Code   RO          350    i.Get_Adc3          adc.o
    0x080010a8   0x0000002c   Code   RO            3    i.Hander_Init       main.o
    0x080010d4   0x00000002   Code   RO          237    i.HardFault_Handler  stm32f10x_it.o
    0x080010d6   0x00000002   PAD
    0x080010d8   0x0000003c   Code   RO          425    i.KEY_Init          key.o
    0x08001114   0x000000a8   Code   RO          426    i.KEY_Scan          key.o
    0x080011bc   0x0000006c   Code   RO          445    i.LCD_Clear         lcd.o
    0x08001228   0x00000134   Code   RO          449    i.LCD_Display_Dir   lcd.o
    0x0800135c   0x0000011c   Code   RO          454    i.LCD_Fast_DrawPoint  lcd.o
    0x08001478   0x0000008c   Code   RO          455    i.LCD_Fill          lcd.o
    0x08001504   0x00002e14   Code   RO          456    i.LCD_Init          lcd.o
    0x08004318   0x00000010   Code   RO          457    i.LCD_Pow           lcd.o
    0x08004328   0x00000014   Code   RO          458    i.LCD_RD_DATA       lcd.o
    0x0800433c   0x00000018   Code   RO          460    i.LCD_ReadReg       lcd.o
    0x08004354   0x0000003c   Code   RO          461    i.LCD_SSD_BackLightSet  lcd.o
    0x08004390   0x000001a8   Code   RO          462    i.LCD_Scan_Dir      lcd.o
    0x08004538   0x00000148   Code   RO          463    i.LCD_SetCursor     lcd.o
    0x08004680   0x0000017c   Code   RO          464    i.LCD_Set_Window    lcd.o
    0x080047fc   0x000000cc   Code   RO          465    i.LCD_ShowChar      lcd.o
    0x080048c8   0x00000076   Code   RO          466    i.LCD_ShowNum       lcd.o
    0x0800493e   0x00000054   Code   RO          467    i.LCD_ShowString    lcd.o
    0x08004992   0x00000086   Code   RO          468    i.LCD_ShowxNum      lcd.o
    0x08004a18   0x00000014   Code   RO          472    i.LCD_WriteRAM_Prepare  lcd.o
    0x08004a2c   0x00000010   Code   RO          473    i.LCD_WriteReg      lcd.o
    0x08004a3c   0x00000130   Code   RO            4    i.LCD_back          main.o
    0x08004b6c   0x00000050   Code   RO          335    i.LED_Init          led.o
    0x08004bbc   0x000000a0   Code   RO            5    i.LSENSOR_task      main.o
    0x08004c5c   0x0000003a   Code   RO          645    i.Lsens_Get_Val     light.o
    0x08004c96   0x00000002   PAD
    0x08004c98   0x0000002c   Code   RO          646    i.Lsens_Init        light.o
    0x08004cc4   0x00000002   Code   RO          238    i.MemManage_Handler  stm32f10x_it.o
    0x08004cc6   0x00000002   Code   RO          239    i.NMI_Handler       stm32f10x_it.o
    0x08004cc8   0x00000064   Code   RO         1027    i.NVIC_Init         misc.o
    0x08004d2c   0x00000014   Code   RO         1028    i.NVIC_PriorityGroupConfig  misc.o
    0x08004d40   0x0000004e   Code   RO          754    i.OV7725_Brightness  ov7725.o
    0x08004d8e   0x00000022   Code   RO          755    i.OV7725_Color_Saturation  ov7725.o
    0x08004db0   0x00000016   Code   RO          756    i.OV7725_Contrast   ov7725.o
    0x08004dc6   0x00000002   PAD
    0x08004dc8   0x0000015c   Code   RO          757    i.OV7725_Init       ov7725.o
    0x08004f24   0x00000098   Code   RO          758    i.OV7725_Light_Mode  ov7725.o
    0x08004fbc   0x0000008a   Code   RO          759    i.OV7725_Special_Effects  ov7725.o
    0x08005046   0x00000002   PAD
    0x08005048   0x000000fc   Code   RO            6    i.OV7725_camera_refresh  main.o
    0x08005144   0x00000018   Code   RO         1202    i.RCC_AHBPeriphClockCmd  stm32f10x_rcc.o
    0x0800515c   0x00000018   Code   RO         1203    i.RCC_APB1PeriphClockCmd  stm32f10x_rcc.o
    0x08005174   0x00000018   Code   RO         1205    i.RCC_APB2PeriphClockCmd  stm32f10x_rcc.o
    0x0800518c   0x00000018   Code   RO         1206    i.RCC_APB2PeriphResetCmd  stm32f10x_rcc.o
    0x080051a4   0x00000094   Code   RO         1213    i.RCC_GetClocksFreq  stm32f10x_rcc.o
    0x08005238   0x0000006c   Code   RO          808    i.SCCB_Init         sccb.o
    0x080052a4   0x00000044   Code   RO          809    i.SCCB_No_Ack       sccb.o
    0x080052e8   0x00000074   Code   RO          810    i.SCCB_RD_Byte      sccb.o
    0x0800535c   0x0000004c   Code   RO          811    i.SCCB_RD_Reg       sccb.o
    0x080053a8   0x00000034   Code   RO          812    i.SCCB_Start        sccb.o
    0x080053dc   0x00000038   Code   RO          813    i.SCCB_Stop         sccb.o
    0x08005414   0x00000090   Code   RO          814    i.SCCB_WR_Byte      sccb.o
    0x080054a4   0x0000003e   Code   RO          815    i.SCCB_WR_Reg       sccb.o
    0x080054e2   0x00000002   PAD
    0x080054e4   0x000000a8   Code   RO          306    i.SetSysClockTo72   system_stm32f10x.o
    0x0800558c   0x00000018   Code   RO         1031    i.SysTick_CLKSourceConfig  misc.o
    0x080055a4   0x00000014   Code   RO          888    i.SysTick_Handler   delay.o
    0x080055b8   0x00000050   Code   RO          308    i.SystemInit        system_stm32f10x.o
    0x08005608   0x00000034   Code   RO          664    i.TIM3_IRQHandler   timer.o
    0x0800563c   0x0000009c   Code   RO          666    i.TIM3_PWM_Init     timer.o
    0x080056d8   0x00000088   Code   RO          668    i.TIM5_IRQHandler   timer.o
    0x08005760   0x00000040   Code   RO          669    i.TIM6_IRQHandler   timer.o
    0x080057a0   0x00000060   Code   RO          670    i.TIM6_Int_Init     timer.o
    0x08005800   0x00000014   Code   RO         1805    i.TIM_ARRPreloadConfig  stm32f10x_tim.o
    0x08005814   0x00000006   Code   RO         1812    i.TIM_ClearITPendingBit  stm32f10x_tim.o
    0x0800581a   0x00000014   Code   RO         1817    i.TIM_Cmd           stm32f10x_tim.o
    0x0800582e   0x00000004   Code   RO         1832    i.TIM_GetCapture1   stm32f10x_tim.o
    0x08005832   0x00000018   Code   RO         1838    i.TIM_GetITStatus   stm32f10x_tim.o
    0x0800584a   0x00000010   Code   RO         1842    i.TIM_ITConfig      stm32f10x_tim.o
    0x0800585a   0x0000000c   Code   RO         1848    i.TIM_OC1PolarityConfig  stm32f10x_tim.o
    0x08005866   0x00000002   PAD
    0x08005868   0x00000080   Code   RO         1851    i.TIM_OC2Init       stm32f10x_tim.o
    0x080058e8   0x00000014   Code   RO         1854    i.TIM_OC2PreloadConfig  stm32f10x_tim.o
    0x080058fc   0x00000004   Code   RO         1879    i.TIM_SetCompare2   stm32f10x_tim.o
    0x08005900   0x00000004   Code   RO         1882    i.TIM_SetCounter    stm32f10x_tim.o
    0x08005904   0x0000009c   Code   RO         1888    i.TIM_TimeBaseInit  stm32f10x_tim.o
    0x080059a0   0x00000064   Code   RO          965    i.USART1_IRQHandler  usart.o
    0x08005a04   0x00000014   Code   RO         1405    i.USART_Cmd         stm32f10x_usart.o
    0x08005a18   0x0000003e   Code   RO         1409    i.USART_GetITStatus  stm32f10x_usart.o
    0x08005a56   0x00000030   Code   RO         1411    i.USART_ITConfig    stm32f10x_usart.o
    0x08005a86   0x00000002   PAD
    0x08005a88   0x000000ac   Code   RO         1412    i.USART_Init        stm32f10x_usart.o
    0x08005b34   0x00000008   Code   RO         1419    i.USART_ReceiveData  stm32f10x_usart.o
    0x08005b3c   0x00000002   Code   RO          240    i.UsageFault_Handler  stm32f10x_it.o
    0x08005b3e   0x00000002   Code   RO          966    i._sys_exit         usart.o
    0x08005b40   0x00000048   Code   RO          889    i.delay_init        delay.o
    0x08005b88   0x00000038   Code   RO          890    i.delay_ms          delay.o
    0x08005bc0   0x00000034   Code   RO          891    i.delay_us          delay.o
    0x08005bf4   0x00000018   Code   RO          967    i.fputc             usart.o
    0x08005c0c   0x00000058   Code   RO            7    i.key_task          main.o
    0x08005c64   0x00000040   Code   RO            8    i.main              main.o
    0x08005ca4   0x00000070   Code   RO         2884    i.prvAddCurrentTaskToDelayedList  tasks.o
    0x08005d14   0x000000d0   Code   RO         2885    i.prvAddNewTaskToReadyList  tasks.o
    0x08005de4   0x00000050   Code   RO         3229    i.prvCheckForValidListAndQueue  timers.o
    0x08005e34   0x00000054   Code   RO         2886    i.prvCheckTasksWaitingTermination  tasks.o
    0x08005e88   0x00000026   Code   RO         2663    i.prvCopyDataFromQueue  queue.o
    0x08005eae   0x0000006c   Code   RO         2664    i.prvCopyDataToQueue  queue.o
    0x08005f1a   0x00000014   Code   RO         2887    i.prvDeleteTCB      tasks.o
    0x08005f2e   0x00000002   PAD
    0x08005f30   0x0000004c   Code   RO         3349    i.prvHeapInit       heap_4.o
    0x08005f7c   0x00000028   Code   RO         2888    i.prvIdleTask       tasks.o
    0x08005fa4   0x000000c0   Code   RO         2889    i.prvInitialiseNewTask  tasks.o
    0x08006064   0x0000004c   Code   RO         3350    i.prvInsertBlockIntoFreeList  heap_4.o
    0x080060b0   0x00000038   Code   RO         3230    i.prvInsertTimerInActiveList  timers.o
    0x080060e8   0x0000001a   Code   RO         2665    i.prvIsQueueEmpty   queue.o
    0x08006102   0x00000002   PAD
    0x08006104   0x00000090   Code   RO         2666    i.prvNotifyQueueSetContainer  queue.o
    0x08006194   0x00000060   Code   RO         3231    i.prvProcessExpiredTimer  timers.o
    0x080061f4   0x000000f0   Code   RO         3232    i.prvProcessReceivedCommands  timers.o
    0x080062e4   0x0000006c   Code   RO         3233    i.prvProcessTimerOrBlockTask  timers.o
    0x08006350   0x00000020   Code   RO         2891    i.prvResetNextTaskUnblockTime  tasks.o
    0x08006370   0x00000028   Code   RO         3234    i.prvSampleTimeNow  timers.o
    0x08006398   0x0000006c   Code   RO         3235    i.prvSwitchTimerLists  timers.o
    0x08006404   0x00000064   Code   RO         3399    i.prvTaskExitError  port.o
    0x08006468   0x00000054   Code   RO         2892    i.prvTaskIsTaskSuspended  tasks.o
    0x080064bc   0x00000028   Code   RO         3236    i.prvTimerTask      timers.o
    0x080064e4   0x00000078   Code   RO         2667    i.prvUnlockQueue    queue.o
    0x0800655c   0x00000114   Code   RO         3351    i.pvPortMalloc      heap_4.o
    0x08006670   0x00000018   Code   RO         2893    i.pvTaskIncrementMutexHeldCount  tasks.o
    0x08006688   0x00000024   Code   RO         3400    i.pxPortInitialiseStack  port.o
    0x080066ac   0x00000088   Code   RO            9    i.start_task        main.o
    0x08006734   0x000000a0   Code   RO          968    i.uart_init         usart.o
    0x080067d4   0x00000024   Code   RO         2626    i.uxListRemove      list.o
    0x080067f8   0x00000016   Code   RO         2627    i.vListInitialise   list.o
    0x0800680e   0x00000006   Code   RO         2628    i.vListInitialiseItem  list.o
    0x08006814   0x00000030   Code   RO         2629    i.vListInsert       list.o
    0x08006844   0x00000018   Code   RO         2630    i.vListInsertEnd    list.o
    0x0800685c   0x00000078   Code   RO         3402    i.vPortEnterCritical  port.o
    0x080068d4   0x00000064   Code   RO         3403    i.vPortExitCritical  port.o
    0x08006938   0x0000009c   Code   RO         3352    i.vPortFree         heap_4.o
    0x080069d4   0x00000020   Code   RO         3404    i.vPortSetupTimerInterrupt  port.o
    0x080069f4   0x0000008c   Code   RO         3405    i.vPortValidateInterruptPriority  port.o
    0x08006a80   0x00000024   Code   RO         2673    i.vQueueAddToRegistry  queue.o
    0x08006aa4   0x00000044   Code   RO         2677    i.vQueueWaitForMessageRestricted  queue.o
    0x08006ae8   0x0000006c   Code   RO         2901    i.vTaskDelay        tasks.o
    0x08006b54   0x000000cc   Code   RO         2903    i.vTaskDelete       tasks.o
    0x08006c20   0x0000000c   Code   RO         2907    i.vTaskMissedYield  tasks.o
    0x08006c2c   0x00000054   Code   RO         2909    i.vTaskPlaceOnEventList  tasks.o
    0x08006c80   0x0000005c   Code   RO         2910    i.vTaskPlaceOnEventListRestricted  tasks.o
    0x08006cdc   0x00000084   Code   RO         2912    i.vTaskPriorityInherit  tasks.o
    0x08006d60   0x000000a0   Code   RO         2914    i.vTaskResume       tasks.o
    0x08006e00   0x00000048   Code   RO         2916    i.vTaskSetTimeOutState  tasks.o
    0x08006e48   0x00000094   Code   RO         2917    i.vTaskStartScheduler  tasks.o
    0x08006edc   0x00000010   Code   RO         2919    i.vTaskSuspendAll   tasks.o
    0x08006eec   0x0000007c   Code   RO         2920    i.vTaskSwitchContext  tasks.o
    0x08006f68   0x00000078   Code   RO         3406    i.xPortStartScheduler  port.o
    0x08006fe0   0x0000002c   Code   RO         3407    i.xPortSysTickHandler  port.o
    0x0800700c   0x00000078   Code   RO         2682    i.xQueueGenericCreate  queue.o
    0x08007084   0x00000184   Code   RO         2683    i.xQueueGenericReceive  queue.o
    0x08007208   0x000000a8   Code   RO         2684    i.xQueueGenericReset  queue.o
    0x080072b0   0x00000188   Code   RO         2685    i.xQueueGenericSend  queue.o
    0x08007438   0x000000e0   Code   RO         2686    i.xQueueGenericSendFromISR  queue.o
    0x08007518   0x00000088   Code   RO         2921    i.xTaskCheckForTimeOut  tasks.o
    0x080075a0   0x00000056   Code   RO         2922    i.xTaskCreate       tasks.o
    0x080075f6   0x00000002   PAD
    0x080075f8   0x0000001c   Code   RO         2926    i.xTaskGetSchedulerState  tasks.o
    0x08007614   0x0000000c   Code   RO         2927    i.xTaskGetTickCount  tasks.o
    0x08007620   0x000000e8   Code   RO         2929    i.xTaskIncrementTick  tasks.o
    0x08007708   0x000000b4   Code   RO         2932    i.xTaskPriorityDisinherit  tasks.o
    0x080077bc   0x00000098   Code   RO         2933    i.xTaskRemoveFromEventList  tasks.o
    0x08007854   0x000000e4   Code   RO         2935    i.xTaskResumeAll    tasks.o
    0x08007938   0x00000074   Code   RO         3239    i.xTimerCreate      timers.o
    0x080079ac   0x00000074   Code   RO         3240    i.xTimerCreateTimerTask  timers.o
    0x08007a20   0x00000090   Code   RO         3241    i.xTimerGenericCommand  timers.o
    0x08007ab0   0x0000005a   Code   RO         3566    x$fpl$dfixu         fz_ws.l(dfixu.o)
    0x08007b0a   0x00000026   Code   RO         3570    x$fpl$dfltu         fz_ws.l(dflt_clz.o)
    0x08007b30   0x00000154   Code   RO         3576    x$fpl$dmul          fz_ws.l(dmul.o)
    0x08007c84   0x0000009c   Code   RO         3604    x$fpl$dnaninf       fz_ws.l(dnaninf.o)
    0x08007d20   0x0000000c   Code   RO         3606    x$fpl$dretinf       fz_ws.l(dretinf.o)
    0x08007d2c   0x00000000   Code   RO         3610    x$fpl$usenofp       fz_ws.l(usenofp.o)
    0x08007d2c   0x000017c0   Data   RO          476    .constdata          lcd.o
    0x080094ec   0x00000082   Data   RO          761    .constdata          ov7725.o
    0x0800956e   0x00000028   Data   RO         3497    .constdata          c_w.l(_printf_hex_int.o)
    0x08009596   0x00000002   PAD
    0x08009598   0x00000020   Data   RO         3766    Region$$Table       anon$$obj.o


    Execution Region ER_RW (Base: 0x20000000, Size: 0x000000c8, Max: 0xffffffff, ABSOLUTE)

    Base Addr    Size         Type   Attr      Idx    E Section Name        Object

    0x20000000   0x00000014   Data   RW           15    .data               main.o
    0x20000014   0x00000014   Data   RW          309    .data               system_stm32f10x.o
    0x20000028   0x00000001   Data   RW          427    .data               key.o
    0x20000029   0x00000001   PAD
    0x2000002a   0x00000004   Data   RW          477    .data               lcd.o
    0x2000002e   0x00000004   Data   RW          672    .data               timer.o
    0x20000032   0x00000001   Data   RW          864    .data               exti.o
    0x20000033   0x00000001   PAD
    0x20000034   0x00000004   Data   RW          893    .data               delay.o
    0x20000038   0x00000002   Data   RW          970    .data               usart.o
    0x2000003a   0x00000002   PAD
    0x2000003c   0x00000004   Data   RW          971    .data               usart.o
    0x20000040   0x00000014   Data   RW         1233    .data               stm32f10x_rcc.o
    0x20000054   0x0000003c   Data   RW         2938    .data               tasks.o
    0x20000090   0x00000014   Data   RW         3249    .data               timers.o
    0x200000a4   0x00000018   Data   RW         3357    .data               heap_4.o
    0x200000bc   0x0000000c   Data   RW         3408    .data               port.o


    Execution Region ER_ZI (Base: 0x200000c8, Size: 0x00005a88, Max: 0xffffffff, ABSOLUTE)

    Base Addr    Size         Type   Attr      Idx    E Section Name        Object

    0x200000c8   0x0000000e   Zero   RW          475    .bss                lcd.o
    0x200000d6   0x000000c8   Zero   RW          969    .bss                usart.o
    0x2000019e   0x00000002   PAD
    0x200001a0   0x00000040   Zero   RW         2697    .bss                queue.o
    0x200001e0   0x000002e4   Zero   RW         2937    .bss                tasks.o
    0x200004c4   0x00000028   Zero   RW         3248    .bss                timers.o
    0x200004ec   0x00005000   Zero   RW         3356    .bss                heap_4.o
    0x200054ec   0x00000060   Zero   RW         3645    .bss                c_w.l(libspace.o)
    0x2000554c   0x00000004   PAD
    0x20005550   0x00000200   Zero   RW         1021    HEAP                startup_stm32f10x_hd.o
    0x20005750   0x00000400   Zero   RW         1020    STACK               startup_stm32f10x_hd.o


==============================================================================

Image component sizes


      Code (inc. data)   RO Data    RW Data    ZI Data      Debug   Object Name

       172         10          0          0          0       1011   adc.o
       200         20          0          4          0       2109   delay.o
       406         30          0          0          0       3548   dht11.o
         0          0          0          0          0      10212   event_groups.o
       134         14          0          1          0       1191   exti.o
       584        138          0         24      20480       3471   heap_4.o
       228         22          0          1          0       1118   key.o
     14464        180       6080          4         14      55242   lcd.o
        80         10          0          0          0        471   led.o
       102          6          0          0          0       1009   light.o
       136          0          0          0          0       2642   list.o
      1600        400          0         20          0     287791   main.o
       144         16          0          0          0       1825   misc.o
       772         76        130          0          0       6041   ov7725.o
       842        312          0         12          0       9629   port.o
      1832        236          0          0         64      13033   queue.o
       682         66          0          0          0       4443   sccb.o
        64         26        304          0       1536        768   startup_stm32f10x_hd.o
       364         22          0          0          0       7714   stm32f10x_adc.o
       156         14          0          0          0       1928   stm32f10x_exti.o
       232          6          0          0          0       1713   stm32f10x_fsmc.o
       302         12          0          0          0       3919   stm32f10x_gpio.o
        12          0          0          0          0       2281   stm32f10x_it.o
       244         40          0         20          0       5223   stm32f10x_rcc.o
       414         50          0          0          0       7454   stm32f10x_tim.o
       310          6          0          0          0       4418   stm32f10x_usart.o
         0          0          0          0          0         32   sys.o
       248         24          0         20          0       1601   system_stm32f10x.o
      3002        758          0         60        740      27533   tasks.o
       504         60          0          4          0       3090   timer.o
      1144        260          0         20         40       8154   timers.o
       286         26          0          6        200       3856   usart.o

    ----------------------------------------------------------------------
     29688       2840       6546        200      23076     484470   Object Totals
         0          0         32          0          0          0   (incl. Generated)
        28          0          0          4          2          0   (incl. Padding)

    ----------------------------------------------------------------------

      Code (inc. data)   RO Data    RW Data    ZI Data      Debug   Library Member Name

         8          0          0          0          0         68   __main.o
       104          0          0          0          0         84   __printf.o
         0          0          0          0          0          0   __rtentry.o
        12          0          0          0          0          0   __rtentry2.o
         6          0          0          0          0          0   __rtentry4.o
        52          8          0          0          0          0   __scatter.o
        26          0          0          0          0          0   __scatter_copy.o
        28          0          0          0          0          0   __scatter_zi.o
        44          0          0          0          0        108   _printf_char.o
        48          6          0          0          0         96   _printf_char_common.o
        36          4          0          0          0         80   _printf_char_file.o
         6          0          0          0          0          0   _printf_d.o
       120         16          0          0          0         92   _printf_dec.o
        88          4         40          0          0         88   _printf_hex_int.o
       178          0          0          0          0         88   _printf_intcommon.o
         0          0          0          0          0          0   _printf_percent.o
         4          0          0          0          0          0   _printf_percent_end.o
         6          0          0          0          0          0   _printf_s.o
        82          0          0          0          0         80   _printf_str.o
         6          0          0          0          0          0   _printf_x.o
        16          0          0          0          0         68   aeabi_memset.o
        12          0          0          0          0         72   exit.o
         8          0          0          0          0         68   ferror.o
         6          0          0          0          0        152   heapauxi.o
         2          0          0          0          0          0   libinit.o
         2          0          0          0          0          0   libinit2.o
         2          0          0          0          0          0   libshutdown.o
         2          0          0          0          0          0   libshutdown2.o
         8          4          0          0         96         68   libspace.o
        24          4          0          0          0         84   noretval__2printf.o
        68          0          0          0          0         68   rt_memclr.o
        78          0          0          0          0         80   rt_memclr_w.o
       138          0          0          0          0         68   rt_memcpy_v6.o
       100          0          0          0          0         80   rt_memcpy_w.o
         2          0          0          0          0          0   rtexit.o
        10          0          0          0          0          0   rtexit2.o
        74          0          0          0          0         80   sys_stackheap_outer.o
         2          0          0          0          0         68   use_no_semi.o
         2          0          0          0          0         68   use_no_semi_2.o
        90          4          0          0          0         92   dfixu.o
        38          0          0          0          0         68   dflt_clz.o
       340         12          0          0          0        104   dmul.o
       156          4          0          0          0         92   dnaninf.o
        12          0          0          0          0         68   dretinf.o
         0          0          0          0          0          0   usenofp.o

    ----------------------------------------------------------------------
      2052         66         42          0        100       2232   Library Totals
         6          0          2          0          4          0   (incl. Padding)

    ----------------------------------------------------------------------

      Code (inc. data)   RO Data    RW Data    ZI Data      Debug   Library Name

      1410         46         40          0         96       1808   c_w.l
       636         20          0          0          0        424   fz_ws.l

    ----------------------------------------------------------------------
      2052         66         42          0        100       2232   Library Totals

    ----------------------------------------------------------------------

==============================================================================


      Code (inc. data)   RO Data    RW Data    ZI Data      Debug   

     31740       2906       6588        200      23176     475830   Grand Totals
     31740       2906       6588        200      23176     475830   ELF Image Totals
     31740       2906       6588        200          0          0   ROM Totals

==============================================================================

    Total RO  Size (Code + RO Data)                38328 (  37.43kB)
    Total RW  Size (RW Data + ZI Data)             23376 (  22.83kB)
    Total ROM Size (Code + RO Data + RW Data)      38528 (  37.63kB)

==============================================================================

